ARM Linker, 5.03 [Build 76] [MDK-ARM Standard]

==============================================================================

Section Cross References

    ethernetif.o(i.ETHERNET_IRQHandler) refers to stm32f4xx_hal_eth.o(i.HAL_ETH_IRQHandler) for HAL_ETH_IRQHandler
    ethernetif.o(i.ETHERNET_IRQHandler) refers to ethernetif.o(.bss) for .bss
    ethernetif.o(i.HAL_ETH_MspDeInit) refers to stm32f4xx_hal_gpio.o(i.HAL_GPIO_DeInit) for HAL_GPIO_DeInit
    ethernetif.o(i.HAL_ETH_MspDeInit) refers to stm32f4xx_hal_cortex.o(i.HAL_NVIC_DisableIRQ) for HAL_NVIC_DisableIRQ
    ethernetif.o(i.HAL_ETH_MspInit) refers to stm32f4xx_hal_gpio.o(i.HAL_GPIO_Init) for HAL_GPIO_Init
    ethernetif.o(i.HAL_ETH_MspInit) refers to stm32f4xx_hal_cortex.o(i.HAL_NVIC_SetPriorityGrouping) for HAL_NVIC_SetPriorityGrouping
    ethernetif.o(i.HAL_ETH_MspInit) refers to stm32f4xx_hal_cortex.o(i.HAL_NVIC_SetPriority) for HAL_NVIC_SetPriority
    ethernetif.o(i.HAL_ETH_MspInit) refers to stm32f4xx_hal_cortex.o(i.HAL_NVIC_EnableIRQ) for HAL_NVIC_EnableIRQ
    ethernetif.o(i.HAL_ETH_RxCpltCallback) refers to cmsis_os.o(i.osSemaphoreRelease) for osSemaphoreRelease
    ethernetif.o(i.HAL_ETH_RxCpltCallback) refers to ethernetif.o(.data) for .data
    ethernetif.o(i.ethernetif_init) refers to ethernetif.o(i.low_level_init) for low_level_init
    ethernetif.o(i.ethernetif_init) refers to etharp.o(i.etharp_output) for etharp_output
    ethernetif.o(i.ethernetif_init) refers to ethernetif.o(i.low_level_output) for low_level_output
    ethernetif.o(i.ethernetif_input) refers to cmsis_os.o(i.osSemaphoreWait) for osSemaphoreWait
    ethernetif.o(i.ethernetif_input) refers to ethernetif.o(i.low_level_input) for low_level_input
    ethernetif.o(i.ethernetif_input) refers to pbuf.o(i.pbuf_free) for pbuf_free
    ethernetif.o(i.ethernetif_input) refers to ethernetif.o(.data) for .data
    ethernetif.o(i.ethernetif_set_link) refers to cmsis_os.o(i.osSemaphoreWait) for osSemaphoreWait
    ethernetif.o(i.ethernetif_set_link) refers to stm32f4xx_hal_eth.o(i.HAL_ETH_ReadPHYRegister) for HAL_ETH_ReadPHYRegister
    ethernetif.o(i.ethernetif_set_link) refers to netif.o(i.netif_set_link_up) for netif_set_link_up
    ethernetif.o(i.ethernetif_set_link) refers to netif.o(i.netif_set_link_down) for netif_set_link_down
    ethernetif.o(i.ethernetif_set_link) refers to ethernetif.o(.bss) for .bss
    ethernetif.o(i.ethernetif_update_config) refers to stm32f4xx_hal_eth.o(i.HAL_ETH_WritePHYRegister) for HAL_ETH_WritePHYRegister
    ethernetif.o(i.ethernetif_update_config) refers to stm32f4xx_hal.o(i.HAL_GetTick) for HAL_GetTick
    ethernetif.o(i.ethernetif_update_config) refers to stm32f4xx_hal_eth.o(i.HAL_ETH_ReadPHYRegister) for HAL_ETH_ReadPHYRegister
    ethernetif.o(i.ethernetif_update_config) refers to stm32f4xx_hal_eth.o(i.HAL_ETH_ConfigMAC) for HAL_ETH_ConfigMAC
    ethernetif.o(i.ethernetif_update_config) refers to stm32f4xx_hal_eth.o(i.HAL_ETH_Start) for HAL_ETH_Start
    ethernetif.o(i.ethernetif_update_config) refers to stm32f4xx_hal_eth.o(i.HAL_ETH_Stop) for HAL_ETH_Stop
    ethernetif.o(i.ethernetif_update_config) refers to app_ethernet.o(i.ethernetif_notify_conn_changed) for ethernetif_notify_conn_changed
    ethernetif.o(i.ethernetif_update_config) refers to ethernetif.o(.bss) for .bss
    ethernetif.o(i.low_level_init) refers to stm32f4xx_hal_eth.o(i.HAL_ETH_Init) for HAL_ETH_Init
    ethernetif.o(i.low_level_init) refers to stm32f4xx_hal_eth.o(i.HAL_ETH_DMATxDescListInit) for HAL_ETH_DMATxDescListInit
    ethernetif.o(i.low_level_init) refers to stm32f4xx_hal_eth.o(i.HAL_ETH_DMARxDescListInit) for HAL_ETH_DMARxDescListInit
    ethernetif.o(i.low_level_init) refers to cmsis_os.o(i.osSemaphoreCreate) for osSemaphoreCreate
    ethernetif.o(i.low_level_init) refers to memcpya.o(.text) for __aeabi_memcpy4
    ethernetif.o(i.low_level_init) refers to cmsis_os.o(i.osThreadCreate) for osThreadCreate
    ethernetif.o(i.low_level_init) refers to stm32f4xx_hal_eth.o(i.HAL_ETH_Start) for HAL_ETH_Start
    ethernetif.o(i.low_level_init) refers to stm32f4xx_hal_eth.o(i.HAL_ETH_ReadPHYRegister) for HAL_ETH_ReadPHYRegister
    ethernetif.o(i.low_level_init) refers to stm32f4xx_hal_eth.o(i.HAL_ETH_WritePHYRegister) for HAL_ETH_WritePHYRegister
    ethernetif.o(i.low_level_init) refers to ethernetif.o(.bss) for .bss
    ethernetif.o(i.low_level_init) refers to ethernetif.o(.data) for .data
    ethernetif.o(i.low_level_init) refers to ethernetif.o(.constdata) for .constdata
    ethernetif.o(i.low_level_input) refers to stm32f4xx_hal_eth.o(i.HAL_ETH_GetReceivedFrame) for HAL_ETH_GetReceivedFrame
    ethernetif.o(i.low_level_input) refers to pbuf.o(i.pbuf_alloc) for pbuf_alloc
    ethernetif.o(i.low_level_input) refers to memcpya.o(.text) for __aeabi_memcpy
    ethernetif.o(i.low_level_input) refers to ethernetif.o(.bss) for .bss
    ethernetif.o(i.low_level_output) refers to memcpya.o(.text) for __aeabi_memcpy
[...]
    ram_heap                                 0x20009430   Data        1620  mem.o(.bss)
    msg_input_list                           0x2000d638   Data         304  msg_in.o(.bss)
    trap_msg                                 0x2000d768   Data          68  msg_out.o(.bss)
    lwip_stats                               0x2000d7ac   Data         376  stats.o(.bss)
    __heap_base                              0x2000da00   Data           0  startup_stm32f407xx.o(HEAP)
    __heap_limit                             0x2000dc00   Data           0  startup_stm32f407xx.o(HEAP)
    __initial_sp                             0x2000e000   Data           0  startup_stm32f407xx.o(STACK)



==============================================================================

Memory Map of the image

  Image Entry point : 0x08000189

  Load Region LR_IROM1 (Base: 0x08000000, Size: 0x00013ca4, Max: 0x00100000, ABSOLUTE, COMPRESSED[0x0001374c])

    Execution Region ER_IROM1 (Base: 0x08000000, Size: 0x0001361c, Max: 0x00100000, ABSOLUTE)

    Base Addr    Size         Type   Attr      Idx    E Section Name        Object

    0x08000000   0x00000188   Data   RO        11486    RESET               startup_stm32f407xx.o
    0x08000188   0x00000000   Code   RO        11592  * .ARM.Collect$$$$00000000  mc_w.l(entry.o)
    0x08000188   0x00000004   Code   RO        11908    .ARM.Collect$$$$00000001  mc_w.l(entry2.o)
    0x0800018c   0x00000004   Code   RO        11911    .ARM.Collect$$$$00000004  mc_w.l(entry5.o)
    0x08000190   0x00000000   Code   RO        11913    .ARM.Collect$$$$00000008  mc_w.l(entry7b.o)
    0x08000190   0x00000000   Code   RO        11915    .ARM.Collect$$$$0000000A  mc_w.l(entry8b.o)
    0x08000190   0x00000008   Code   RO        11916    .ARM.Collect$$$$0000000B  mc_w.l(entry9a.o)
    0x08000198   0x00000000   Code   RO        11918    .ARM.Collect$$$$0000000D  mc_w.l(entry10a.o)
    0x08000198   0x00000000   Code   RO        11920    .ARM.Collect$$$$0000000F  mc_w.l(entry11a.o)
    0x08000198   0x00000004   Code   RO        11909    .ARM.Collect$$$$00002712  mc_w.l(entry2.o)
    0x0800019c   0x000000ae   Code   RO         5959    .emb_text           port.o
    0x0800024a   0x00000002   PAD
    0x0800024c   0x00000024   Code   RO        11487    .text               startup_stm32f407xx.o
    0x08000270   0x00000024   Code   RO        11595    .text               mc_w.l(memcpya.o)
    0x08000294   0x00000024   Code   RO        11597    .text               mc_w.l(memseta.o)
    0x080002b8   0x00000018   Code   RO        11599    .text               mc_w.l(strncpy.o)
    0x080002d0   0x0000001a   Code   RO        11603    .text               mc_w.l(memcmp.o)
    0x080002ea   0x0000001e   Code   RO        11605    .text               mc_w.l(strncmp.o)
    0x08000308   0x00000024   Code   RO        11944    .text               mc_w.l(init.o)
    0x0800032c   0x0000005c   Code   RO        11960    .text               mc_w.l(__dczerorl2.o)
    0x08000388   0x0000004c   Code   RO         4508    i.BSP_LED_Init      stm324x9i_eval.o
    0x080003d4   0x0000001c   Code   RO         4509    i.BSP_LED_Off       stm324x9i_eval.o
    0x080003f0   0x0000001c   Code   RO         4510    i.BSP_LED_On        stm324x9i_eval.o
    0x0800040c   0x00000018   Code   RO         4511    i.BSP_LED_Toggle    stm324x9i_eval.o
    0x08000424   0x00000046   Code   RO        11170    i.DeInitStateMachine  usbh_core.o
    0x0800046a   0x0000002e   Code   RO         1672    i.ETH_FlushTransmitFIFO  stm32f4xx_hal_eth.o
    0x08000498   0x00000018   Code   RO          783    i.ETH_IRQHandler    stm32f4xx_it.o
    0x080004b0   0x00000124   Code   RO         1673    i.ETH_MACDMAConfig  stm32f4xx_hal_eth.o
    0x080005d4   0x00000018   Code   RO          784    i.ETH_WKUP_IRQHandler  stm32f4xx_it.o
    0x080005ec   0x00000008   Code   RO          785    i.EXTI15_10_IRQHandler  stm32f4xx_it.o
    0x080005f4   0x00000038   Code   RO         5383    i.FATFS_LinkDriver  ff_gen_drv.o
    0x0800062c   0x00000024   Code   RO         2834    i.FSMC_NAND_AttributeSpace_Timing_Init  stm32f4xx_ll_fsmc.o
    0x08000650   0x00000024   Code   RO         2835    i.FSMC_NAND_CommonSpace_Timing_Init  stm32f4xx_ll_fsmc.o
    0x08000674   0x00000030   Code   RO         2840    i.FSMC_NAND_Init    stm32f4xx_ll_fsmc.o
    0x080006a4   0x00000022   Code   RO         1510    i.HAL_CRC_Init      stm32f4xx_hal_crc.o
    0x080006c6   0x00000002   PAD
    0x080006c8   0x0000001c   Code   RO          719    i.HAL_CRC_MspInit   stm32f4xx_hal_msp.o
    0x080006e4   0x00000070   Code   RO         1568    i.HAL_DMA_Init      stm32f4xx_hal_dma.o
    0x08000754   0x00000016   Code   RO         1252    i.HAL_Delay         stm32f4xx_hal.o
    0x0800076a   0x00000002   PAD
    0x0800076c   0x00000130   Code   RO         1675    i.HAL_ETH_ConfigMAC  stm32f4xx_hal_eth.o
    0x0800089c   0x00000074   Code   RO         1676    i.HAL_ETH_DMARxDescListInit  stm32f4xx_hal_eth.o
    0x08000910   0x00000078   Code   RO         1677    i.HAL_ETH_DMATxDescListInit  stm32f4xx_hal_eth.o
    0x08000988   0x00000002   Code   RO         1679    i.HAL_ETH_ErrorCallback  stm32f4xx_hal_eth.o
    0x0800098a   0x00000080   Code   RO         1680    i.HAL_ETH_GetReceivedFrame  stm32f4xx_hal_eth.o
    0x08000a0a   0x0000007a   Code   RO         1683    i.HAL_ETH_IRQHandler  stm32f4xx_hal_eth.o
    0x08000a84   0x000001c0   Code   RO         1684    i.HAL_ETH_Init      stm32f4xx_hal_eth.o
    0x08000c44   0x000000b0   Code   RO            5    i.HAL_ETH_MspInit   ethernetif.o
    0x08000cf4   0x00000084   Code   RO         1687    i.HAL_ETH_ReadPHYRegister  stm32f4xx_hal_eth.o
    0x08000d78   0x0000000c   Code   RO            6    i.HAL_ETH_RxCpltCallback  ethernetif.o
    0x08000d84   0x00000084   Code   RO         1689    i.HAL_ETH_Start     stm32f4xx_hal_eth.o
    0x08000e08   0x00000084   Code   RO         1690    i.HAL_ETH_Stop      stm32f4xx_hal_eth.o
    0x08000e8c   0x00000104   Code   RO         1691    i.HAL_ETH_TransmitFrame  stm32f4xx_hal_eth.o
    0x08000f90   0x00000002   Code   RO         1692    i.HAL_ETH_TxCpltCallback  stm32f4xx_hal_eth.o
    0x08000f92   0x00000002   PAD
    0x08000f94   0x00000078   Code   RO         1693    i.HAL_ETH_WritePHYRegister  stm32f4xx_hal_eth.o
    0x0800100c   0x00000014   Code   RO          509    i.HAL_GPIO_EXTI_Callback  main.o
    0x08001020   0x00000018   Code   RO         1996    i.HAL_GPIO_EXTI_IRQHandler  stm32f4xx_hal_gpio.o
    0x08001038   0x000001c8   Code   RO         1997    i.HAL_GPIO_Init     stm32f4xx_hal_gpio.o
    0x08001200   0x00000008   Code   RO         2000    i.HAL_GPIO_TogglePin  stm32f4xx_hal_gpio.o
    0x08001208   0x0000000a   Code   RO         2001    i.HAL_GPIO_WritePin  stm32f4xx_hal_gpio.o
    0x08001212   0x00000002   PAD
    0x08001214   0x0000000c   Code   RO         1264    i.HAL_GetTick       stm32f4xx_hal.o
    0x08001220   0x00000008   Code   RO          888    i.HAL_HCD_Connect_Callback  usbh_conf.o
    0x08001228   0x00000008   Code   RO          889    i.HAL_HCD_Disconnect_Callback  usbh_conf.o
    0x08001230   0x00000006   Code   RO         2059    i.HAL_HCD_GetCurrentFrame  stm32f4xx_hal_hcd.o
    0x08001236   0x00000006   Code   RO         2060    i.HAL_HCD_GetCurrentSpeed  stm32f4xx_hal_hcd.o
    0x0800123c   0x0000000e   Code   RO         2063    i.HAL_HCD_HC_GetURBState  stm32f4xx_hal_hcd.o
    0x0800124a   0x0000000c   Code   RO         2064    i.HAL_HCD_HC_GetXferCount  stm32f4xx_hal_hcd.o
    0x08001256   0x00000024   Code   RO         2065    i.HAL_HCD_HC_Halt   stm32f4xx_hal_hcd.o
    0x0800127a   0x00000054   Code   RO         2066    i.HAL_HCD_HC_Init   stm32f4xx_hal_hcd.o
    0x080012ce   0x00000008   Code   RO          890    i.HAL_HCD_HC_NotifyURBChange_Callback  usbh_conf.o
    0x080012d6   0x000000b6   Code   RO         2068    i.HAL_HCD_HC_SubmitRequest  stm32f4xx_hal_hcd.o
    0x0800138c   0x0000012e   Code   RO         2069    i.HAL_HCD_IRQHandler  stm32f4xx_hal_hcd.o
    0x080014ba   0x0000005a   Code   RO         2070    i.HAL_HCD_Init      stm32f4xx_hal_hcd.o
    0x08001514   0x000000a4   Code   RO          892    i.HAL_HCD_MspInit   usbh_conf.o
    0x080015b8   0x00000006   Code   RO         2073    i.HAL_HCD_ResetPort  stm32f4xx_hal_hcd.o
    0x080015be   0x00000008   Code   RO          893    i.HAL_HCD_SOF_Callback  usbh_conf.o
    0x080015c6   0x0000002c   Code   RO         2075    i.HAL_HCD_Start     stm32f4xx_hal_hcd.o
    0x080015f2   0x00000024   Code   RO         2076    i.HAL_HCD_Stop      stm32f4xx_hal_hcd.o
    0x08001616   0x00000002   PAD
    0x08001618   0x00000010   Code   RO         1265    i.HAL_IncTick       stm32f4xx_hal.o
    0x08001628   0x00000034   Code   RO         1266    i.HAL_Init          stm32f4xx_hal.o
    0x0800165c   0x00000022   Code   RO         1267    i.HAL_InitTick      stm32f4xx_hal.o
    0x0800167e   0x00000002   Code   RO         1269    i.HAL_MspInit       stm32f4xx_hal.o
    0x08001680   0x0000005c   Code   RO         2225    i.HAL_NAND_Init     stm32f4xx_hal_nand.o
    0x080016dc   0x00000060   Code   RO          721    i.HAL_NAND_MspInit  stm32f4xx_hal_msp.o
    0x0800173c   0x00000018   Code   RO         1393    i.HAL_NVIC_ClearPendingIRQ  stm32f4xx_hal_cortex.o
    0x08001754   0x00000018   Code   RO         1395    i.HAL_NVIC_EnableIRQ  stm32f4xx_hal_cortex.o
    0x0800176c   0x00000040   Code   RO         1401    i.HAL_NVIC_SetPriority  stm32f4xx_hal_cortex.o
    0x080017ac   0x00000024   Code   RO         1402    i.HAL_NVIC_SetPriorityGrouping  stm32f4xx_hal_cortex.o
    0x080017d0   0x000001b8   Code   RO         2475    i.HAL_RCC_ClockConfig  stm32f4xx_hal_rcc.o
    0x08001988   0x00000034   Code   RO         2480    i.HAL_RCC_GetHCLKFreq  stm32f4xx_hal_rcc.o
    0x080019bc   0x0000002c   Code   RO         2482    i.HAL_RCC_GetPCLK1Freq  stm32f4xx_hal_rcc.o
    0x080019e8   0x0000002c   Code   RO         2483    i.HAL_RCC_GetPCLK2Freq  stm32f4xx_hal_rcc.o
    0x08001a14   0x00000080   Code   RO         2484    i.HAL_RCC_GetSysClockFreq  stm32f4xx_hal_rcc.o
    0x08001a94   0x00000338   Code   RO         2487    i.HAL_RCC_OscConfig  stm32f4xx_hal_rcc.o
    0x08001dcc   0x00000028   Code   RO         1406    i.HAL_SYSTICK_Config  stm32f4xx_hal_cortex.o
    0x08001df4   0x00000002   Code   RO         3851    i.HAL_TIMEx_BreakCallback  stm32f4xx_hal_tim_ex.o
    0x08001df6   0x00000002   Code   RO         3852    i.HAL_TIMEx_CommutationCallback  stm32f4xx_hal_tim_ex.o
    0x08001df8   0x00000002   Code   RO         3269    i.HAL_TIM_IC_CaptureCallback  stm32f4xx_hal_tim.o
    0x08001dfa   0x00000166   Code   RO         3282    i.HAL_TIM_IRQHandler  stm32f4xx_hal_tim.o
    0x08001f60   0x00000002   Code   RO         3285    i.HAL_TIM_OC_DelayElapsedCallback  stm32f4xx_hal_tim.o
    0x08001f62   0x00000002   Code   RO         3312    i.HAL_TIM_PWM_PulseFinishedCallback  stm32f4xx_hal_tim.o
    0x08001f64   0x00000010   Code   RO         3319    i.HAL_TIM_PeriodElapsedCallback  stm32f4xx_hal_tim.o
    0x08001f74   0x00000002   Code   RO         3322    i.HAL_TIM_TriggerCallback  stm32f4xx_hal_tim.o
    0x08001f76   0x0000005c   Code   RO         2617    i.HAL_UART_Init     stm32f4xx_hal_uart.o
    0x08001fd2   0x00000002   PAD
    0x08001fd4   0x000000b4   Code   RO          725    i.HAL_UART_MspInit  stm32f4xx_hal_msp.o
    0x08002088   0x0000024c   Code   RO         2077    i.HCD_HC_IN_IRQHandler  stm32f4xx_hal_hcd.o
    0x080022d4   0x00000236   Code   RO         2078    i.HCD_HC_OUT_IRQHandler  stm32f4xx_hal_hcd.o
    0x0800250a   0x000000b2   Code   RO         2079    i.HCD_Port_IRQHandler  stm32f4xx_hal_hcd.o
    0x080025bc   0x00000078   Code   RO         2080    i.HCD_RXQLVL_IRQHandler  stm32f4xx_hal_hcd.o
    0x08002634   0x00000048   Code   RO          511    i.MX_FSMC_Init      main.o
    0x0800267c   0x00000064   Code   RO          417    i.MX_LWIP_Init      lwip.o
    0x080026e0   0x0000002c   Code   RO          837    i.MX_USB_HOST_Init  usb_host.o
    0x0800270c   0x00000020   Code   RO         1408    i.NVIC_SetPriority  stm32f4xx_hal_cortex.o
    0x0800272c   0x0000009c   Code   RO          513    i.Netif_Config      main.o
    0x080027c8   0x00000018   Code   RO          786    i.OTG_HS_IRQHandler  stm32f4xx_it.o
    0x080027e0   0x000000bc   Code   RO          514    i.StartThread       main.o
    0x0800289c   0x00000008   Code   RO          515    i.StartThread1      main.o
    0x080028a4   0x0000000e   Code   RO          787    i.SysTick_Handler   stm32f4xx_it.o
    0x080028b2   0x00000002   PAD
    0x080028b4   0x00000054   Code   RO         1223    i.SystemInit        system_stm32f4xx.o
    0x08002908   0x00000018   Code   RO          788    i.TIM1_UP_TIM10_IRQHandler  stm32f4xx_it.o
    0x08002920   0x0000000e   Code   RO          516    i.ToggleLed4        main.o
    0x0800292e   0x00000002   PAD
    0x08002930   0x00000178   Code   RO         2636    i.UART_SetConfig    stm32f4xx_hal_uart.o
    0x08002aa8   0x00000034   Code   RO        11448    i.USBH_AllocPipe    usbh_pipes.o
    0x08002adc   0x0000001e   Code   RO        11380    i.USBH_BulkReceiveData  usbh_ioreq.o
    0x08002afa   0x00000028   Code   RO        11381    i.USBH_BulkSendData  usbh_ioreq.o
    0x08002b22   0x0000000a   Code   RO        11449    i.USBH_ClosePipe    usbh_pipes.o
    0x08002b2c   0x0000001e   Code   RO        11296    i.USBH_ClrFeature   usbh_ctlreq.o
    0x08002b4a   0x0000001c   Code   RO        11382    i.USBH_CtlReceiveData  usbh_ioreq.o
    0x08002b66   0x0000004a   Code   RO        11297    i.USBH_CtlReq       usbh_ctlreq.o
    0x08002bb0   0x00000028   Code   RO        11383    i.USBH_CtlSendData  usbh_ioreq.o
    0x08002bd8   0x0000001e   Code   RO        11384    i.USBH_CtlSendSetup  usbh_ioreq.o
    0x08002bf6   0x00000004   Code   RO          894    i.USBH_Delay        usbh_conf.o
    0x08002bfa   0x00000044   Code   RO        11172    i.USBH_FindInterface  usbh_core.o
    0x08002c3e   0x00000018   Code   RO        11450    i.USBH_FreePipe     usbh_pipes.o
    0x08002c56   0x00000034   Code   RO        11298    i.USBH_GetDescriptor  usbh_ctlreq.o
    0x08002c8a   0x0000000e   Code   RO        11299    i.USBH_GetNextDesc  usbh_ctlreq.o
    0x08002c98   0x0000002c   Code   RO        11300    i.USBH_Get_CfgDesc  usbh_ctlreq.o
    0x08002cc4   0x0000007c   Code   RO        11301    i.USBH_Get_DevDesc  usbh_ctlreq.o
    0x08002d40   0x00000048   Code   RO        11302    i.USBH_Get_StringDesc  usbh_ctlreq.o
    0x08002d88   0x0000018c   Code   RO        11303    i.USBH_HandleControl  usbh_ctlreq.o
    0x08002f14   0x00000116   Code   RO        11175    i.USBH_HandleEnum   usbh_core.o
    0x0800302a   0x00000002   PAD
    0x0800302c   0x00000068   Code   RO        11176    i.USBH_Init         usbh_core.o
    0x08003094   0x0000000e   Code   RO          895    i.USBH_LL_ClosePipe  usbh_conf.o
    0x080030a2   0x0000003c   Code   RO        11177    i.USBH_LL_Connect   usbh_core.o
    0x080030de   0x00000044   Code   RO        11178    i.USBH_LL_Disconnect  usbh_core.o
    0x08003122   0x0000000c   Code   RO          897    i.USBH_LL_DriverVBUS  usbh_conf.o
    0x0800312e   0x00000008   Code   RO          898    i.USBH_LL_GetLastXferSize  usbh_conf.o
    0x08003136   0x00000022   Code   RO          899    i.USBH_LL_GetSpeed  usbh_conf.o
    0x08003158   0x0000001e   Code   RO          900    i.USBH_LL_GetToggle  usbh_conf.o
    0x08003176   0x00000008   Code   RO          901    i.USBH_LL_GetURBState  usbh_conf.o
    0x0800317e   0x0000001e   Code   RO        11179    i.USBH_LL_IncTimer  usbh_core.o
    0x0800319c   0x0000004c   Code   RO          902    i.USBH_LL_Init      usbh_conf.o
    0x080031e8   0x00000012   Code   RO        11180    i.USBH_LL_NotifyURBChange  usbh_core.o
    0x080031fa   0x00000016   Code   RO          903    i.USBH_LL_OpenPipe  usbh_conf.o
    0x08003210   0x0000000e   Code   RO          904    i.USBH_LL_ResetPort  usbh_conf.o
    0x0800321e   0x00000006   Code   RO        11181    i.USBH_LL_SetTimer  usbh_core.o
    0x08003224   0x00000020   Code   RO          905    i.USBH_LL_SetToggle  usbh_conf.o
    0x08003244   0x0000000e   Code   RO          906    i.USBH_LL_Start     usbh_conf.o
    0x08003252   0x0000000e   Code   RO          907    i.USBH_LL_Stop      usbh_conf.o
    0x08003260   0x00000020   Code   RO          908    i.USBH_LL_SubmitURB  usbh_conf.o
    0x08003280   0x0000001e   Code   RO        11077    i.USBH_MSC_BOT_Abort  usbh_msc_bot.o
    0x0800329e   0x00000002   PAD
    0x080032a0   0x00000024   Code   RO        11078    i.USBH_MSC_BOT_Init  usbh_msc_bot.o
    0x080032c4   0x000001fc   Code   RO        11079    i.USBH_MSC_BOT_Process  usbh_msc_bot.o
    0x080034c0   0x00000016   Code   RO        11080    i.USBH_MSC_BOT_REQ_GetMaxLUN  usbh_msc_bot.o
    0x080034d6   0x00000016   Code   RO        11081    i.USBH_MSC_BOT_REQ_Reset  usbh_msc_bot.o
    0x080034ec   0x00000062   Code   RO        10990    i.USBH_MSC_ClassRequest  usbh_msc.o
    0x0800354e   0x0000002e   Code   RO        10991    i.USBH_MSC_GetLUNInfo  usbh_msc.o
    0x0800357c   0x0000004a   Code   RO        10993    i.USBH_MSC_InterfaceDeInit  usbh_msc.o
    0x080035c6   0x0000014c   Code   RO        10994    i.USBH_MSC_InterfaceInit  usbh_msc.o
    0x08003712   0x000002a8   Code   RO        10996    i.USBH_MSC_Process  usbh_msc.o
    0x080039ba   0x000000a4   Code   RO        10997    i.USBH_MSC_RdWrProcess  usbh_msc.o
    0x08003a5e   0x00000088   Code   RO        10998    i.USBH_MSC_Read     usbh_msc.o
    0x08003ae6   0x000000b0   Code   RO        11120    i.USBH_MSC_SCSI_Inquiry  usbh_msc_scsi.o
    0x08003b96   0x0000006e   Code   RO        11121    i.USBH_MSC_SCSI_Read  usbh_msc_scsi.o
    0x08003c04   0x00000078   Code   RO        11122    i.USBH_MSC_SCSI_ReadCapacity  usbh_msc_scsi.o
    0x08003c7c   0x00000086   Code   RO        11123    i.USBH_MSC_SCSI_RequestSense  usbh_msc_scsi.o
    0x08003d02   0x0000004a   Code   RO        11124    i.USBH_MSC_SCSI_TestUnitReady  usbh_msc_scsi.o
    0x08003d4c   0x0000006e   Code   RO        11125    i.USBH_MSC_SCSI_Write  usbh_msc_scsi.o
    0x08003dba   0x00000004   Code   RO        10999    i.USBH_MSC_SOFProcess  usbh_msc.o
    0x08003dbe   0x00000026   Code   RO        11000    i.USBH_MSC_UnitIsReady  usbh_msc.o
    0x08003de4   0x00000088   Code   RO        11001    i.USBH_MSC_Write    usbh_msc.o
    0x08003e6c   0x00000012   Code   RO        11451    i.USBH_OpenPipe     usbh_pipes.o
    0x08003e7e   0x000000e8   Code   RO        11304    i.USBH_ParseCfgDesc  usbh_ctlreq.o
    0x08003f66   0x00000180   Code   RO        11182    i.USBH_Process      usbh_core.o
    0x080040e6   0x00000022   Code   RO        11183    i.USBH_Process_OS   usbh_core.o
    0x08004108   0x0000001c   Code   RO        11185    i.USBH_RegisterClass  usbh_core.o
    0x08004124   0x00000016   Code   RO        11186    i.USBH_SelectInterface  usbh_core.o
    0x0800413a   0x0000001c   Code   RO        11305    i.USBH_SetAddress   usbh_ctlreq.o
    0x08004156   0x0000001c   Code   RO        11306    i.USBH_SetCfg       usbh_ctlreq.o
    0x08004172   0x00000014   Code   RO        11187    i.USBH_Start        usbh_core.o
    0x08004186   0x00000002   PAD
    0x08004188   0x00000020   Code   RO          839    i.USBH_UserProcess  usb_host.o
    0x080041a8   0x00000004   Code   RO         4974    i.USBH_initialize   usbh_diskio.o
    0x080041ac   0x00000050   Code   RO         4975    i.USBH_ioctl        usbh_diskio.o
    0x080041fc   0x00000080   Code   RO         4976    i.USBH_read         usbh_diskio.o
    0x0800427c   0x00000018   Code   RO         4977    i.USBH_status       usbh_diskio.o
    0x08004294   0x0000008c   Code   RO         4978    i.USBH_write        usbh_diskio.o
    0x08004320   0x0000006c   Code   RO         2960    i.USB_CoreInit      stm32f4xx_ll_usb.o
    0x0800438c   0x00000038   Code   RO         2961    i.USB_CoreReset     stm32f4xx_ll_usb.o
    0x080043c4   0x0000000c   Code   RO         2967    i.USB_DisableGlobalInt  stm32f4xx_ll_usb.o
    0x080043d0   0x00000054   Code   RO         2968    i.USB_DoPing        stm32f4xx_ll_usb.o
    0x08004424   0x0000002c   Code   RO         2969    i.USB_DriveVbus     stm32f4xx_ll_usb.o
    0x08004450   0x0000000c   Code   RO         2975    i.USB_EnableGlobalInt  stm32f4xx_ll_usb.o
    0x0800445c   0x00000020   Code   RO         2976    i.USB_FlushRxFifo   stm32f4xx_ll_usb.o
    0x0800447c   0x00000024   Code   RO         2977    i.USB_FlushTxFifo   stm32f4xx_ll_usb.o
    0x080044a0   0x00000008   Code   RO         2978    i.USB_GetCurrentFrame  stm32f4xx_ll_usb.o
    0x080044a8   0x0000000e   Code   RO         2980    i.USB_GetHostSpeed  stm32f4xx_ll_usb.o
    0x080044b6   0x00000008   Code   RO         2981    i.USB_GetMode       stm32f4xx_ll_usb.o
    0x080044be   0x00000176   Code   RO         2982    i.USB_HC_Halt       stm32f4xx_ll_usb.o
    0x08004634   0x000000f6   Code   RO         2983    i.USB_HC_Init       stm32f4xx_ll_usb.o
    0x0800472a   0x0000000c   Code   RO         2984    i.USB_HC_ReadInterrupt  stm32f4xx_ll_usb.o
    0x08004736   0x00000002   PAD
    0x08004738   0x00000190   Code   RO         2985    i.USB_HC_StartXfer  stm32f4xx_ll_usb.o
    0x080048c8   0x000000d8   Code   RO         2986    i.USB_HostInit      stm32f4xx_ll_usb.o
    0x080049a0   0x00000036   Code   RO         2987    i.USB_InitFSLSPClkSel  stm32f4xx_ll_usb.o
    0x080049d6   0x00000008   Code   RO         2992    i.USB_ReadInterrupts  stm32f4xx_ll_usb.o
    0x080049de   0x00000020   Code   RO         2993    i.USB_ReadPacket    stm32f4xx_ll_usb.o
    0x080049fe   0x00000028   Code   RO         2994    i.USB_ResetPort     stm32f4xx_ll_usb.o
    0x08004a26   0x0000002c   Code   RO         2995    i.USB_SetCurrentMode  stm32f4xx_ll_usb.o
    0x08004a52   0x000000b2   Code   RO         2999    i.USB_StopHost      stm32f4xx_ll_usb.o
    0x08004b04   0x00000028   Code   RO         3000    i.USB_WritePacket   stm32f4xx_ll_usb.o
    0x08004b2c   0x00000012   Code   RO         1193    i.User_notification  app_ethernet.o
    0x08004b3e   0x0000000e   Code   RO        11954    i.__scatterload_copy  mc_w.l(handlers.o)
    0x08004b4c   0x00000002   Code   RO        11955    i.__scatterload_null  mc_w.l(handlers.o)
    0x08004b4e   0x0000000e   Code   RO        11956    i.__scatterload_zeroinit  mc_w.l(handlers.o)
    0x08004b5c   0x0000009e   Code   RO         7091    i.accept_function   api_msg.o
    0x08004bfa   0x00000002   PAD
    0x08004bfc   0x0000001c   Code   RO         8080    i.arp_timer         lwip_timers.o
    0x08004c18   0x0000004a   Code   RO         8716    i.atentry_get_object_def  mib2.o
    0x08004c62   0x00000052   Code   RO         8717    i.atentry_get_value  mib2.o
    0x08004cb4   0x0000001e   Code   RO         7523    i.dhcp_arp_reply    dhcp.o
    0x08004cd2   0x000000c0   Code   RO         7524    i.dhcp_bind         dhcp.o
    0x08004d92   0x00000026   Code   RO         7525    i.dhcp_check        dhcp.o
    0x08004db8   0x00000060   Code   RO         7527    i.dhcp_coarse_tmr   dhcp.o
    0x08004e18   0x00000124   Code   RO         7528    i.dhcp_create_msg   dhcp.o
    0x08004f3c   0x0000006c   Code   RO         7529    i.dhcp_decline      dhcp.o
    0x08004fa8   0x00000016   Code   RO         7530    i.dhcp_delete_msg   dhcp.o
    0x08004fbe   0x00000002   PAD
    0x08004fc0   0x000000bc   Code   RO         7531    i.dhcp_discover     dhcp.o
    0x0800507c   0x00000034   Code   RO         7532    i.dhcp_fine_tmr     dhcp.o
    0x080050b0   0x00000046   Code   RO         7535    i.dhcp_network_changed  dhcp.o
    0x080050f6   0x00000020   Code   RO         7536    i.dhcp_option       dhcp.o
    0x08005116   0x00000010   Code   RO         7537    i.dhcp_option_byte  dhcp.o
    0x08005126   0x00000042   Code   RO         7538    i.dhcp_option_long  dhcp.o
    0x08005168   0x00000022   Code   RO         7539    i.dhcp_option_short  dhcp.o
    0x0800518a   0x0000002c   Code   RO         7540    i.dhcp_option_trailer  dhcp.o
    0x080051b6   0x00000002   PAD
    0x080051b8   0x00000084   Code   RO         7542    i.dhcp_rebind       dhcp.o
    0x0800523c   0x000000a0   Code   RO         7543    i.dhcp_reboot       dhcp.o
    0x080052dc   0x000000a4   Code   RO         7545    i.dhcp_release      dhcp.o
    0x08005380   0x00000082   Code   RO         7546    i.dhcp_renew        dhcp.o
    0x08005402   0x00000002   PAD
    0x08005404   0x000000e8   Code   RO         7547    i.dhcp_select       dhcp.o
    0x080054ec   0x00000010   Code   RO         7548    i.dhcp_set_state    dhcp.o
    0x080054fc   0x00000088   Code   RO         7552    i.dhcp_timeout      dhcp.o
    0x08005584   0x0000001c   Code   RO         8081    i.dhcp_timer_coarse  lwip_timers.o
    0x080055a0   0x0000001c   Code   RO         8082    i.dhcp_timer_fine   lwip_timers.o
    0x080055bc   0x0000005c   Code   RO         7092    i.do_bind           api_msg.o
    0x08005618   0x00000054   Code   RO         7093    i.do_close          api_msg.o
    0x0800566c   0x000000ec   Code   RO         7094    i.do_close_internal  api_msg.o
    0x08005758   0x00000098   Code   RO         7095    i.do_connect        api_msg.o
    0x080057f0   0x00000064   Code   RO         7096    i.do_connected      api_msg.o
    0x08005854   0x00000094   Code   RO         7097    i.do_delconn        api_msg.o
    0x080058e8   0x000000b0   Code   RO         7100    i.do_listen         api_msg.o
    0x08005998   0x00000020   Code   RO         7101    i.do_newconn        api_msg.o
    0x080059b8   0x00000042   Code   RO         7102    i.do_recv           api_msg.o
    0x080059fa   0x00000080   Code   RO         7103    i.do_send           api_msg.o
    0x08005a7a   0x00000042   Code   RO         7104    i.do_write          api_msg.o
    0x08005abc   0x00000138   Code   RO         7105    i.do_writemore      api_msg.o
    0x08005bf4   0x00000032   Code   RO         9686    i.empty_table       mib_structs.o
    0x08005c26   0x00000092   Code   RO         7106    i.err_tcp           api_msg.o
    0x08005cb8   0x00000100   Code   RO        10532    i.etharp_arp_input  etharp.o
    0x08005db8   0x00000030   Code   RO        10533    i.etharp_cleanup_netif  etharp.o
    0x08005de8   0x00000038   Code   RO        10534    i.etharp_find_addr  etharp.o
    0x08005e20   0x000000dc   Code   RO        10535    i.etharp_find_entry  etharp.o
    0x08005efc   0x00000030   Code   RO        10536    i.etharp_free_entry  etharp.o
    0x08005f2c   0x00000118   Code   RO        10537    i.etharp_output     etharp.o
    0x08006044   0x00000044   Code   RO        10538    i.etharp_output_to_arp_index  etharp.o
    0x08006088   0x00000110   Code   RO        10539    i.etharp_query      etharp.o
    0x08006198   0x000000b0   Code   RO        10540    i.etharp_raw        etharp.o
    0x08006248   0x00000024   Code   RO        10541    i.etharp_request    etharp.o
    0x0800626c   0x00000020   Code   RO        10542    i.etharp_send_ip    etharp.o
    0x0800628c   0x00000048   Code   RO        10543    i.etharp_tmr        etharp.o
    0x080062d4   0x00000088   Code   RO        10544    i.etharp_update_arp_entry  etharp.o
    0x0800635c   0x000000a8   Code   RO        10545    i.ethernet_input    etharp.o
    0x08006404   0x00000028   Code   RO            7    i.ethernetif_init   ethernetif.o
    0x0800642c   0x00000030   Code   RO            8    i.ethernetif_input  ethernetif.o
    0x0800645c   0x00000054   Code   RO         1194    i.ethernetif_notify_conn_changed  app_ethernet.o
    0x080064b0   0x00000048   Code   RO           10    i.ethernetif_set_link  ethernetif.o
    0x080064f8   0x000000b0   Code   RO           11    i.ethernetif_update_config  ethernetif.o
    0x080065a8   0x00000050   Code   RO        11870    i.free              mc_w.l(malloc.o)
    0x080065f8   0x00000008   Code   RO         7784    i.icmp_dest_unreach  icmp.o
    0x08006600   0x0000002e   Code   RO         8718    i.icmp_get_object_def  mib2.o
    0x0800662e   0x00000002   PAD
    0x08006630   0x000000a0   Code   RO         8719    i.icmp_get_value    mib2.o
    0x080066d0   0x00000178   Code   RO         7785    i.icmp_input        icmp.o
    0x08006848   0x00000078   Code   RO         7786    i.icmp_send_response  icmp.o
    0x080068c0   0x00000008   Code   RO         7787    i.icmp_time_exceeded  icmp.o
    0x080068c8   0x0000009c   Code   RO         8720    i.ifentry_get_object_def  mib2.o
    0x08006964   0x000000dc   Code   RO         8721    i.ifentry_get_value  mib2.o
    0x08006a40   0x0000000c   Code   RO         5514    i.inHandlerMode     cmsis_os.o
    0x08006a4c   0x0000000c   Code   RO         7858    i.inet_chksum       inet_chksum.o
    0x08006a58   0x00000048   Code   RO         7859    i.inet_chksum_pbuf  inet_chksum.o
    0x08006aa0   0x00000088   Code   RO         7860    i.inet_chksum_pseudo  inet_chksum.o
    0x08006b28   0x00000024   Code   RO         8722    i.interfaces_get_object_def  mib2.o
    0x08006b4c   0x00000014   Code   RO         8723    i.interfaces_get_value  mib2.o
    0x08006b60   0x0000002e   Code   RO         7951    i.ip4_addr_isbroadcast  ip_addr.o
    0x08006b8e   0x0000003e   Code   RO         8724    i.ip_addrentry_get_object_def  mib2.o
    0x08006bcc   0x0000005c   Code   RO         8725    i.ip_addrentry_get_value  mib2.o
    0x08006c28   0x00000178   Code   RO         8013    i.ip_frag           ip_frag.o
    0x08006da0   0x00000008   Code   RO         8014    i.ip_frag_free_pbuf_custom_ref  ip_frag.o
    0x08006da8   0x00000058   Code   RO         8726    i.ip_get_object_def  mib2.o
    0x08006e00   0x0000007c   Code   RO         8727    i.ip_get_value      mib2.o
    0x08006e7c   0x00000220   Code   RO         7901    i.ip_input          ip.o
    0x0800709c   0x0000004c   Code   RO         8728    i.ip_ntomentry_get_object_def  mib2.o
    0x080070e8   0x0000005a   Code   RO         8729    i.ip_ntomentry_get_value  mib2.o
    0x08007142   0x00000002   PAD
    0x08007144   0x00000040   Code   RO         7902    i.ip_output         ip.o
    0x08007184   0x000000f8   Code   RO         7903    i.ip_output_if      ip.o
    0x0800727c   0x000001b8   Code   RO         8015    i.ip_reass          ip_frag.o
    0x08007434   0x000000f0   Code   RO         8016    i.ip_reass_chain_frag_into_datagram_and_validate  ip_frag.o
    0x08007524   0x00000024   Code   RO         8017    i.ip_reass_dequeue_datagram  ip_frag.o
    0x08007548   0x00000074   Code   RO         8018    i.ip_reass_free_complete_datagram  ip_frag.o
    0x080075bc   0x0000006c   Code   RO         8019    i.ip_reass_remove_oldest_datagram  ip_frag.o
    0x08007628   0x0000001c   Code   RO         8083    i.ip_reass_timer    lwip_timers.o
    0x08007644   0x0000002c   Code   RO         8020    i.ip_reass_tmr      ip_frag.o
    0x08007670   0x00000050   Code   RO         7904    i.ip_route          ip.o
    0x080076c0   0x0000005c   Code   RO         8730    i.ip_rteentry_get_object_def  mib2.o
    0x0800771c   0x000000b0   Code   RO         8731    i.ip_rteentry_get_value  mib2.o
    0x080077cc   0x00000022   Code   RO         8732    i.ip_set_test       mib2.o
    0x080077ee   0x00000016   Code   RO         8021    i.ipfrag_free_pbuf_custom  ip_frag.o
    0x08007804   0x00000124   Code   RO           12    i.low_level_init    ethernetif.o
    0x08007928   0x000000c0   Code   RO           13    i.low_level_input   ethernetif.o
    0x080079e8   0x000000a8   Code   RO           14    i.low_level_output  ethernetif.o
    0x08007a90   0x00000004   Code   RO         7485    i.lwip_htonl        def.o
    0x08007a94   0x00000004   Code   RO         7486    i.lwip_htons        def.o
    0x08007a98   0x0000002a   Code   RO         7723    i.lwip_init         init.o
    0x08007ac2   0x00000004   Code   RO         7487    i.lwip_ntohl        def.o
    0x08007ac6   0x00000004   Code   RO         7488    i.lwip_ntohs        def.o
    0x08007aca   0x00000002   PAD
    0x08007acc   0x00000058   Code   RO         7862    i.lwip_standard_chksum  inet_chksum.o
    0x08007b24   0x0000012c   Code   RO          517    i.main              main.o
    0x08007c50   0x0000000c   Code   RO         5515    i.makeFreeRtosPriority  cmsis_os.o
    0x08007c5c   0x0000006c   Code   RO        11871    i.malloc            mc_w.l(malloc.o)
    0x08007cc8   0x00000060   Code   RO         8179    i.mem_free          mem.o
    0x08007d28   0x00000044   Code   RO         8180    i.mem_init          mem.o
    0x08007d6c   0x0000010c   Code   RO         8181    i.mem_malloc        mem.o
    0x08007e78   0x00000108   Code   RO         8182    i.mem_trim          mem.o
    0x08007f80   0x0000002c   Code   RO         8231    i.memp_free         memp.o
    0x08007fac   0x00000078   Code   RO         8232    i.memp_init         memp.o
    0x08008024   0x00000050   Code   RO         8233    i.memp_malloc       memp.o
    0x08008074   0x00000026   Code   RO         7270    i.netbuf_data       netbuf.o
    0x0800809a   0x00000022   Code   RO         7271    i.netbuf_delete     netbuf.o
    0x080080bc   0x0000001e   Code   RO         7275    i.netbuf_next       netbuf.o
    0x080080da   0x0000006a   Code   RO         6949    i.netconn_accept    api_lib.o
    0x08008144   0x00000066   Code   RO         7107    i.netconn_alloc     api_msg.o
    0x080081aa   0x00000002   PAD
    0x080081ac   0x00000034   Code   RO         6950    i.netconn_bind      api_lib.o
    0x080081e0   0x00000006   Code   RO         6951    i.netconn_close     api_lib.o
    0x080081e6   0x00000002   PAD
    0x080081e8   0x00000034   Code   RO         6952    i.netconn_close_shutdown  api_lib.o
    0x0800821c   0x00000034   Code   RO         6953    i.netconn_connect   api_lib.o
    0x08008250   0x00000024   Code   RO         6954    i.netconn_delete    api_lib.o
    0x08008274   0x00000090   Code   RO         7108    i.netconn_drain     api_msg.o
    0x08008304   0x0000002e   Code   RO         7109    i.netconn_free      api_msg.o
    0x08008332   0x00000002   PAD
    0x08008334   0x00000030   Code   RO         6957    i.netconn_listen_with_backlog  api_lib.o
    0x08008364   0x00000060   Code   RO         6958    i.netconn_new_with_proto_and_callback  api_lib.o
    0x080083c4   0x0000007e   Code   RO         6959    i.netconn_recv      api_lib.o
    0x08008442   0x00000002   PAD
    0x08008444   0x000000bc   Code   RO         6960    i.netconn_recv_data  api_lib.o
    0x08008500   0x00000030   Code   RO         6963    i.netconn_send      api_lib.o
    0x08008530   0x00000080   Code   RO         6966    i.netconn_write_partly  api_lib.o
    0x080085b0   0x00000050   Code   RO         8278    i.netif_add         netif.o
    0x08008600   0x00000002   Code   RO         8280    i.netif_init        netif.o
    0x08008602   0x00000020   Code   RO         8282    i.netif_set_addr    netif.o
    0x08008622   0x00000002   PAD
    0x08008624   0x00000020   Code   RO         8283    i.netif_set_default  netif.o
    0x08008644   0x00000030   Code   RO         8284    i.netif_set_down    netif.o
    0x08008674   0x00000008   Code   RO         8285    i.netif_set_gw      netif.o
    0x0800867c   0x00000084   Code   RO         8286    i.netif_set_ipaddr  netif.o
    0x08008700   0x00000008   Code   RO         8287    i.netif_set_link_callback  netif.o
    0x08008708   0x0000001a   Code   RO         8288    i.netif_set_link_down  netif.o
    0x08008722   0x00000042   Code   RO         8289    i.netif_set_link_up  netif.o
    0x08008764   0x00000024   Code   RO         8290    i.netif_set_netmask  netif.o
    0x08008788   0x00000036   Code   RO         8291    i.netif_set_up      netif.o
    0x080087be   0x00000006   Code   RO         8733    i.noleafs_get_object_def  mib2.o
    0x080087c4   0x00000002   Code   RO         8734    i.noleafs_get_value  mib2.o
    0x080087c6   0x00000004   Code   RO         8735    i.noleafs_set_test  mib2.o
    0x080087ca   0x00000002   Code   RO         8736    i.noleafs_set_value  mib2.o
    0x080087cc   0x00000010   Code   RO         8737    i.objectidncpy      mib2.o
    0x080087dc   0x00000014   Code   RO         8738    i.ocstrncpy         mib2.o
    0x080087f0   0x0000000e   Code   RO         5516    i.osDelay           cmsis_os.o
    0x080087fe   0x00000010   Code   RO         5519    i.osKernelStart     cmsis_os.o
    0x0800880e   0x0000000a   Code   RO         5527    i.osMessageCreate   cmsis_os.o
    0x08008818   0x00000088   Code   RO         5528    i.osMessageGet      cmsis_os.o
    0x080088a0   0x00000054   Code   RO         5530    i.osMessagePut      cmsis_os.o
    0x080088f4   0x0000002c   Code   RO         5542    i.osSemaphoreCreate  cmsis_os.o
    0x08008920   0x00000048   Code   RO         5544    i.osSemaphoreRelease  cmsis_os.o
    0x08008968   0x0000003c   Code   RO         5545    i.osSemaphoreWait   cmsis_os.o
    0x080089a4   0x00000030   Code   RO         5546    i.osThreadCreate    cmsis_os.o
    0x080089d4   0x00000122   Code   RO         8382    i.pbuf_alloc        pbuf.o
    0x08008af6   0x00000054   Code   RO         8383    i.pbuf_alloced_custom  pbuf.o
    0x08008b4a   0x00000028   Code   RO         8384    i.pbuf_cat          pbuf.o
    0x08008b72   0x00000012   Code   RO         8385    i.pbuf_chain        pbuf.o
    0x08008b84   0x00000012   Code   RO         8386    i.pbuf_clen         pbuf.o
    0x08008b96   0x0000009a   Code   RO         8388    i.pbuf_copy         pbuf.o
    0x08008c30   0x00000068   Code   RO         8389    i.pbuf_copy_partial  pbuf.o
    0x08008c98   0x00000052   Code   RO         8391    i.pbuf_free         pbuf.o
    0x08008cea   0x00000002   PAD
    0x08008cec   0x0000002c   Code   RO         8392    i.pbuf_free_ooseq_callback  pbuf.o
    0x08008d18   0x00000060   Code   RO         8394    i.pbuf_header       pbuf.o
    0x08008d78   0x0000002c   Code   RO         8397    i.pbuf_pool_is_empty  pbuf.o
    0x08008da4   0x0000004e   Code   RO         8398    i.pbuf_realloc      pbuf.o
    0x08008df2   0x0000000c   Code   RO         8399    i.pbuf_ref          pbuf.o
    0x08008dfe   0x00000002   PAD
    0x08008e00   0x00000084   Code   RO         7110    i.pcb_new           api_msg.o
    0x08008e84   0x00000054   Code   RO         8183    i.plug_holes        mem.o
    0x08008ed8   0x00000054   Code   RO         7111    i.poll_tcp          api_msg.o
    0x08008f2c   0x00000034   Code   RO         6205    i.prvAddCurrentTaskToDelayedList  tasks.o
    0x08008f60   0x00000080   Code   RO         6444    i.prvCheckDataToBeOverwrittenForMultiEntryEvents  trcbase.o
    0x08008fe0   0x00000054   Code   RO         6206    i.prvCheckTasksWaitingTermination  tasks.o
    0x08009034   0x00000028   Code   RO         6038    i.prvCopyDataFromQueue  queue.o
    0x0800905c   0x00000068   Code   RO         6039    i.prvCopyDataToQueue  queue.o
    0x080090c4   0x00000048   Code   RO         5908    i.prvHeapInit       heap_4.o
    0x0800910c   0x00000018   Code   RO         6207    i.prvIdleTask       tasks.o
    0x08009124   0x0000004c   Code   RO         5909    i.prvInsertBlockIntoFreeList  heap_4.o
    0x08009170   0x00000002   Code   RO         1032    i.prvSetupHardware  hwsetup.o
    0x08009172   0x00000002   PAD
    0x08009174   0x00000018   Code   RO         5960    i.prvTaskExitError  port.o
    0x0800918c   0x0000017c   Code   RO         6445    i.prvTraceCreateSymbolTableEntry  trcbase.o
    0x08009308   0x000000d0   Code   RO         6446    i.prvTraceGetChecksum  trcbase.o
    0x080093d8   0x00000004   Code   RO         6699    i.prvTraceGetCurrentTaskHandle  trckernelportfreertos.o
    0x080093dc   0x0000010c   Code   RO         6447    i.prvTraceGetDTS    trcbase.o
    0x080094e8   0x0000000a   Code   RO         6700    i.prvTraceGetObjectNumber  trckernelportfreertos.o
    0x080094f2   0x00000004   Code   RO         6701    i.prvTraceGetObjectType  trckernelportfreertos.o
    0x080094f6   0x00000002   PAD
    0x080094f8   0x00000080   Code   RO         6586    i.prvTraceGetParam  trckernel.o
    0x08009578   0x0000000a   Code   RO         6702    i.prvTraceGetTaskNumber  trckernelportfreertos.o
    0x08009582   0x00000002   PAD
    0x08009584   0x000000a0   Code   RO         6554    i.prvTraceInitCortexM  trchardwareport.o
    0x08009624   0x00000180   Code   RO         6448    i.prvTraceInitTraceData  trcbase.o
    0x080097a4   0x000000f0   Code   RO         6449    i.prvTraceLookupSymbolTableEntry  trcbase.o
    0x08009894   0x000000a4   Code   RO         6450    i.prvTraceOpenSymbol  trcbase.o
    0x08009938   0x00000030   Code   RO         6451    i.prvTraceUpdateCounters  trcbase.o
    0x08009968   0x00000064   Code   RO         6040    i.prvUnlockQueue    queue.o
    0x080099cc   0x0000018c   Code   RO         6706    i.pszTraceGetErrorNotEnoughHandles  trckernelportfreertos.o
    0x08009b58   0x00000030   Code   RO         9687    i.push_node         mib_structs.o
    0x08009b88   0x00000090   Code   RO         5910    i.pvPortMalloc      heap_4.o
    0x08009c18   0x00000028   Code   RO         5961    i.pxPortInitialiseStack  port.o
    0x08009c40   0x0000000a   Code   RO         8525    i.raw_bind          raw.o
    0x08009c4a   0x0000000a   Code   RO         8526    i.raw_connect       raw.o
    0x08009c54   0x00000074   Code   RO         8527    i.raw_input         raw.o
    0x08009cc8   0x0000002c   Code   RO         8528    i.raw_new           raw.o
    0x08009cf4   0x00000006   Code   RO         8529    i.raw_recv          raw.o
    0x08009cfa   0x00000002   PAD
    0x08009cfc   0x0000002c   Code   RO         8530    i.raw_remove        raw.o
    0x08009d28   0x00000006   Code   RO         8531    i.raw_send          raw.o
    0x08009d2e   0x00000090   Code   RO         8532    i.raw_sendto        raw.o
    0x08009dbe   0x00000002   PAD
    0x08009dc0   0x00000078   Code   RO         7112    i.recv_raw          api_msg.o
    0x08009e38   0x00000068   Code   RO         7113    i.recv_tcp          api_msg.o
    0x08009ea0   0x0000006e   Code   RO         7114    i.recv_udp          api_msg.o
    0x08009f0e   0x00000054   Code   RO         7115    i.sent_tcp          api_msg.o
    0x08009f62   0x00000002   PAD
    0x08009f64   0x00000044   Code   RO         7116    i.setup_tcp         api_msg.o
    0x08009fa8   0x00000010   Code   RO         8741    i.snmp_add_snmpintotalreqvars  mib2.o
    0x08009fb8   0x00000010   Code   RO         8742    i.snmp_add_snmpintotalsetvars  mib2.o
    0x08009fc8   0x00000106   Code   RO         8589    i.snmp_asn1_dec_length  asn1_dec.o
    0x0800a0ce   0x00000002   PAD
    0x0800a0d0   0x0000015c   Code   RO         8590    i.snmp_asn1_dec_oid  asn1_dec.o
    0x0800a22c   0x00000064   Code   RO         8591    i.snmp_asn1_dec_raw  asn1_dec.o
    0x0800a290   0x0000009c   Code   RO         8592    i.snmp_asn1_dec_s32t  asn1_dec.o
    0x0800a32c   0x0000002a   Code   RO         8593    i.snmp_asn1_dec_type  asn1_dec.o
    0x0800a356   0x00000080   Code   RO         8594    i.snmp_asn1_dec_u32t  asn1_dec.o
    0x0800a3d6   0x0000007a   Code   RO         8642    i.snmp_asn1_enc_length  asn1_enc.o
    0x0800a450   0x00000016   Code   RO         8643    i.snmp_asn1_enc_length_cnt  asn1_enc.o
    0x0800a466   0x00000002   PAD
    0x0800a468   0x000000e4   Code   RO         8644    i.snmp_asn1_enc_oid  asn1_enc.o
    0x0800a54c   0x0000002c   Code   RO         8645    i.snmp_asn1_enc_oid_cnt  asn1_enc.o
    0x0800a578   0x00000058   Code   RO         8646    i.snmp_asn1_enc_raw  asn1_enc.o
    0x0800a5d0   0x00000056   Code   RO         8647    i.snmp_asn1_enc_s32t  asn1_enc.o
    0x0800a626   0x00000028   Code   RO         8648    i.snmp_asn1_enc_s32t_cnt  asn1_enc.o
    0x0800a64e   0x00000028   Code   RO         8649    i.snmp_asn1_enc_type  asn1_enc.o
    0x0800a676   0x00000076   Code   RO         8650    i.snmp_asn1_enc_u32t  asn1_enc.o
    0x0800a6ec   0x0000002c   Code   RO         8651    i.snmp_asn1_enc_u32t_cnt  asn1_enc.o
    0x0800a718   0x0000002c   Code   RO         9913    i.snmp_authfail_trap  msg_out.o
    0x0800a744   0x00000018   Code   RO         9914    i.snmp_coldstart_trap  msg_out.o
    0x0800a75c   0x000000d0   Code   RO         8745    i.snmp_delete_arpidx_tree  mib2.o
    0x0800a82c   0x0000009c   Code   RO         8746    i.snmp_delete_ipaddridx_tree  mib2.o
    0x0800a8c8   0x000000b0   Code   RO         8747    i.snmp_delete_iprteidx_tree  mib2.o
    0x0800a978   0x000000cc   Code   RO         8748    i.snmp_delete_udpidx_tree  mib2.o
    0x0800aa44   0x0000007c   Code   RO         9804    i.snmp_error_response  msg_in.o
    0x0800aac0   0x000003c8   Code   RO         9688    i.snmp_expand_tree  mib_structs.o
    0x0800ae88   0x0000005a   Code   RO         8749    i.snmp_get_object_def  mib2.o
    0x0800aee2   0x00000002   PAD
    0x0800aee4   0x00000010   Code   RO         8750    i.snmp_get_snmpenableauthentraps  mib2.o
    0x0800aef4   0x0000000c   Code   RO         8751    i.snmp_get_snmpgrpid_ptr  mib2.o
    0x0800af00   0x0000001c   Code   RO         8753    i.snmp_get_sysuptime  mib2.o
    0x0800af1c   0x000000ac   Code   RO         8754    i.snmp_get_value    mib2.o
    0x0800afc8   0x0000001c   Code   RO         9689    i.snmp_ifindextonetif  mib_structs.o
    0x0800afe4   0x00000010   Code   RO         8760    i.snmp_inc_icmpinerrors  mib2.o
    0x0800aff4   0x00000010   Code   RO         8761    i.snmp_inc_icmpinmsgs  mib2.o
    0x0800b004   0x00000010   Code   RO         8771    i.snmp_inc_icmpoutechoreps  mib2.o
    0x0800b014   0x00000010   Code   RO         8774    i.snmp_inc_icmpoutmsgs  mib2.o
    0x0800b024   0x00000010   Code   RO         8778    i.snmp_inc_icmpouttimeexcds  mib2.o
    0x0800b034   0x00000020   Code   RO         8784    i.snmp_inc_iflist   mib2.o
    0x0800b054   0x00000010   Code   RO         8791    i.snmp_inc_ipfragoks  mib2.o
    0x0800b064   0x00000010   Code   RO         8792    i.snmp_inc_ipinaddrerrors  mib2.o
    0x0800b074   0x00000010   Code   RO         8793    i.snmp_inc_ipindelivers  mib2.o
    0x0800b084   0x00000010   Code   RO         8794    i.snmp_inc_ipindiscards  mib2.o
    0x0800b094   0x00000010   Code   RO         8795    i.snmp_inc_ipinhdrerrors  mib2.o
    0x0800b0a4   0x00000010   Code   RO         8796    i.snmp_inc_ipinreceives  mib2.o
    0x0800b0b4   0x00000010   Code   RO         8797    i.snmp_inc_ipinunknownprotos  mib2.o
    0x0800b0c4   0x00000010   Code   RO         8798    i.snmp_inc_ipoutdiscards  mib2.o
    0x0800b0d4   0x00000010   Code   RO         8799    i.snmp_inc_ipoutnoroutes  mib2.o
    0x0800b0e4   0x00000010   Code   RO         8800    i.snmp_inc_ipoutrequests  mib2.o
    0x0800b0f4   0x00000010   Code   RO         8801    i.snmp_inc_ipreasmfails  mib2.o
    0x0800b104   0x00000010   Code   RO         8803    i.snmp_inc_ipreasmreqds  mib2.o
    0x0800b114   0x00000010   Code   RO         8805    i.snmp_inc_snmpinasnparseerrs  mib2.o
    0x0800b124   0x00000010   Code   RO         8806    i.snmp_inc_snmpinbadcommunitynames  mib2.o
    0x0800b134   0x00000010   Code   RO         8808    i.snmp_inc_snmpinbadvalues  mib2.o
    0x0800b144   0x00000010   Code   RO         8809    i.snmp_inc_snmpinbadversions  mib2.o
    0x0800b154   0x00000010   Code   RO         8810    i.snmp_inc_snmpingenerrs  mib2.o
    0x0800b164   0x00000010   Code   RO         8811    i.snmp_inc_snmpingetnexts  mib2.o
    0x0800b174   0x00000010   Code   RO         8812    i.snmp_inc_snmpingetrequests  mib2.o
    0x0800b184   0x00000010   Code   RO         8813    i.snmp_inc_snmpingetresponses  mib2.o
    0x0800b194   0x00000010   Code   RO         8814    i.snmp_inc_snmpinnosuchnames  mib2.o
    0x0800b1a4   0x00000010   Code   RO         8815    i.snmp_inc_snmpinpkts  mib2.o
    0x0800b1b4   0x00000010   Code   RO         8816    i.snmp_inc_snmpinreadonlys  mib2.o
    0x0800b1c4   0x00000010   Code   RO         8817    i.snmp_inc_snmpinsetrequests  mib2.o
    0x0800b1d4   0x00000010   Code   RO         8818    i.snmp_inc_snmpintoobigs  mib2.o
    0x0800b1e4   0x00000010   Code   RO         8819    i.snmp_inc_snmpintraps  mib2.o
    0x0800b1f4   0x00000010   Code   RO         8820    i.snmp_inc_snmpoutbadvalues  mib2.o
    0x0800b204   0x00000010   Code   RO         8821    i.snmp_inc_snmpoutgenerrs  mib2.o
    0x0800b214   0x00000010   Code   RO         8824    i.snmp_inc_snmpoutgetresponses  mib2.o
    0x0800b224   0x00000010   Code   RO         8825    i.snmp_inc_snmpoutnosuchnames  mib2.o
    0x0800b234   0x00000010   Code   RO         8826    i.snmp_inc_snmpoutpkts  mib2.o
    0x0800b244   0x00000010   Code   RO         8828    i.snmp_inc_snmpouttoobigs  mib2.o
    0x0800b254   0x00000010   Code   RO         8829    i.snmp_inc_snmpouttraps  mib2.o
    0x0800b264   0x00000010   Code   RO         8831    i.snmp_inc_tcpactiveopens  mib2.o
    0x0800b274   0x00000010   Code   RO         8832    i.snmp_inc_tcpattemptfails  mib2.o
    0x0800b284   0x00000010   Code   RO         8833    i.snmp_inc_tcpestabresets  mib2.o
    0x0800b294   0x00000010   Code   RO         8834    i.snmp_inc_tcpinerrs  mib2.o
    0x0800b2a4   0x00000010   Code   RO         8835    i.snmp_inc_tcpinsegs  mib2.o
    0x0800b2b4   0x00000010   Code   RO         8836    i.snmp_inc_tcpoutrsts  mib2.o
    0x0800b2c4   0x00000010   Code   RO         8837    i.snmp_inc_tcpoutsegs  mib2.o
    0x0800b2d4   0x00000010   Code   RO         8838    i.snmp_inc_tcppassiveopens  mib2.o
    0x0800b2e4   0x00000010   Code   RO         8839    i.snmp_inc_tcpretranssegs  mib2.o
    0x0800b2f4   0x00000010   Code   RO         8840    i.snmp_inc_udpindatagrams  mib2.o
    0x0800b304   0x00000010   Code   RO         8841    i.snmp_inc_udpinerrors  mib2.o
    0x0800b314   0x00000010   Code   RO         8842    i.snmp_inc_udpnoports  mib2.o
    0x0800b324   0x00000010   Code   RO         8843    i.snmp_inc_udpoutdatagrams  mib2.o
    0x0800b334   0x0000005c   Code   RO         9805    i.snmp_init         msg_in.o
    0x0800b390   0x000000b0   Code   RO         8844    i.snmp_insert_arpidx_tree  mib2.o
    0x0800b440   0x00000078   Code   RO         8845    i.snmp_insert_ipaddridx_tree  mib2.o
    0x0800b4b8   0x00000088   Code   RO         8846    i.snmp_insert_iprteidx_tree  mib2.o
    0x0800b540   0x0000007c   Code   RO         8847    i.snmp_insert_udpidx_tree  mib2.o
    0x0800b5bc   0x00000012   Code   RO         9690    i.snmp_iptooid      mib_structs.o
    0x0800b5ce   0x00000002   PAD
    0x0800b5d0   0x00000048   Code   RO         9691    i.snmp_iso_prefix_expand  mib_structs.o
    0x0800b618   0x00000020   Code   RO         9692    i.snmp_iso_prefix_tst  mib_structs.o
    0x0800b638   0x0000001a   Code   RO         9693    i.snmp_mib_ln_alloc  mib_structs.o
    0x0800b652   0x00000008   Code   RO         9694    i.snmp_mib_ln_free  mib_structs.o
    0x0800b65a   0x00000002   PAD
    0x0800b65c   0x0000003c   Code   RO         9695    i.snmp_mib_lrn_alloc  mib_structs.o
    0x0800b698   0x00000008   Code   RO         9696    i.snmp_mib_lrn_free  mib_structs.o
    0x0800b6a0   0x00000050   Code   RO         9697    i.snmp_mib_node_delete  mib_structs.o
    0x0800b6f0   0x00000030   Code   RO         9698    i.snmp_mib_node_find  mib_structs.o
    0x0800b720   0x00000092   Code   RO         9699    i.snmp_mib_node_insert  mib_structs.o
    0x0800b7b2   0x00000002   PAD
    0x0800b7b4   0x00000024   Code   RO         9806    i.snmp_msg_event    msg_in.o
    0x0800b7d8   0x00000238   Code   RO         9807    i.snmp_msg_get_event  msg_in.o
    0x0800ba10   0x000001b4   Code   RO         9808    i.snmp_msg_getnext_event  msg_in.o
    0x0800bbc4   0x000002b8   Code   RO         9809    i.snmp_msg_set_event  msg_in.o
    0x0800be7c   0x00000020   Code   RO         9700    i.snmp_netiftoifindex  mib_structs.o
    0x0800be9c   0x00000018   Code   RO         9701    i.snmp_oidtoip      mib_structs.o
    0x0800beb4   0x00000020   Code   RO         9810    i.snmp_ok_response  msg_in.o
    0x0800bed4   0x00000292   Code   RO         9811    i.snmp_pdu_dec_varbindlist  msg_in.o
    0x0800c166   0x00000002   PAD
    0x0800c168   0x000002c8   Code   RO         9812    i.snmp_pdu_header_check  msg_in.o
    0x0800c430   0x000000bc   Code   RO         9813    i.snmp_recv         msg_in.o
    0x0800c4ec   0x00000144   Code   RO         9915    i.snmp_resp_header_enc  msg_out.o
    0x0800c630   0x000000c0   Code   RO         9916    i.snmp_resp_header_sum  msg_out.o
    0x0800c6f0   0x000000f6   Code   RO         9702    i.snmp_search_tree  mib_structs.o
    0x0800c7e6   0x000000c8   Code   RO         9917    i.snmp_send_response  msg_out.o
    0x0800c8ae   0x00000002   PAD
    0x0800c8b0   0x000000c4   Code   RO         9918    i.snmp_send_trap    msg_out.o
    0x0800c974   0x0000002c   Code   RO         8854    i.snmp_set_test     mib2.o
    0x0800c9a0   0x00000018   Code   RO         8855    i.snmp_set_value    mib2.o
    0x0800c9b8   0x000001a4   Code   RO         9921    i.snmp_trap_header_enc  msg_out.o
    0x0800cb5c   0x000000f4   Code   RO         9922    i.snmp_trap_header_sum  msg_out.o
    0x0800cc50   0x00000078   Code   RO         9814    i.snmp_varbind_alloc  msg_in.o
    0x0800ccc8   0x00000024   Code   RO         9815    i.snmp_varbind_free  msg_in.o
    0x0800ccec   0x00000108   Code   RO         9923    i.snmp_varbind_list_enc  msg_out.o
    0x0800cdf4   0x0000001c   Code   RO         9816    i.snmp_varbind_list_free  msg_in.o
    0x0800ce10   0x000000ce   Code   RO         9924    i.snmp_varbind_list_sum  msg_out.o
    0x0800cede   0x0000001a   Code   RO         9817    i.snmp_varbind_tail_add  msg_in.o
    0x0800cef8   0x00000002   Code   RO        10001    i.stats_init        stats.o
    0x0800cefa   0x00000050   Code   RO        10830    i.sys_arch_mbox_fetch  sys_arch.o
    0x0800cf4a   0x0000001e   Code   RO        10831    i.sys_arch_mbox_tryfetch  sys_arch.o
    0x0800cf68   0x00000042   Code   RO        10833    i.sys_arch_sem_wait  sys_arch.o
    0x0800cfaa   0x00000002   PAD
    0x0800cfac   0x0000000c   Code   RO        10836    i.sys_init          sys_arch.o
    0x0800cfb8   0x00000030   Code   RO        10837    i.sys_mbox_free     sys_arch.o
    0x0800cfe8   0x0000003c   Code   RO        10838    i.sys_mbox_new      sys_arch.o
    0x0800d024   0x0000001a   Code   RO        10839    i.sys_mbox_post     sys_arch.o
    0x0800d03e   0x00000006   Code   RO        10840    i.sys_mbox_set_invalid  sys_arch.o
    0x0800d044   0x0000002c   Code   RO        10841    i.sys_mbox_trypost  sys_arch.o
    0x0800d070   0x0000000a   Code   RO        10842    i.sys_mbox_valid    sys_arch.o
    0x0800d07a   0x00000006   Code   RO        10844    i.sys_mutex_lock    sys_arch.o
    0x0800d080   0x00000040   Code   RO        10845    i.sys_mutex_new     sys_arch.o
    0x0800d0c0   0x0000000c   Code   RO        10846    i.sys_mutex_unlock  sys_arch.o
    0x0800d0cc   0x00000004   Code   RO           16    i.sys_now           ethernetif.o
    0x0800d0d0   0x00000018   Code   RO        10847    i.sys_sem_free      sys_arch.o
    0x0800d0e8   0x00000064   Code   RO        10848    i.sys_sem_new       sys_arch.o
    0x0800d14c   0x00000006   Code   RO        10849    i.sys_sem_set_invalid  sys_arch.o
    0x0800d152   0x0000000c   Code   RO        10850    i.sys_sem_signal    sys_arch.o
    0x0800d15e   0x0000000a   Code   RO        10851    i.sys_sem_valid     sys_arch.o
    0x0800d168   0x0000003c   Code   RO        10852    i.sys_thread_new    sys_arch.o
    0x0800d1a4   0x0000005c   Code   RO         8084    i.sys_timeout       lwip_timers.o
    0x0800d200   0x00000048   Code   RO         8085    i.sys_timeouts_init  lwip_timers.o
    0x0800d248   0x00000060   Code   RO         8086    i.sys_timeouts_mbox_fetch  lwip_timers.o
    0x0800d2a8   0x00000048   Code   RO         8087    i.sys_untimeout     lwip_timers.o
    0x0800d2f0   0x00000088   Code   RO         8856    i.system_get_object_def  mib2.o
    0x0800d378   0x00000060   Code   RO         8857    i.system_get_value  mib2.o
    0x0800d3d8   0x00000040   Code   RO         8858    i.system_set_test   mib2.o
    0x0800d418   0x00000048   Code   RO         8859    i.system_set_value  mib2.o
    0x0800d460   0x00000094   Code   RO        10047    i.tcp_abandon       tcp.o
    0x0800d4f4   0x00000006   Code   RO        10048    i.tcp_abort         tcp.o
    0x0800d4fa   0x00000004   Code   RO        10049    i.tcp_accept        tcp.o
    0x0800d4fe   0x00000006   Code   RO        10050    i.tcp_accept_null   tcp.o
    0x0800d504   0x00000110   Code   RO        10051    i.tcp_alloc         tcp.o
    0x0800d614   0x00000004   Code   RO        10052    i.tcp_arg           tcp.o
    0x0800d618   0x00000084   Code   RO        10053    i.tcp_bind          tcp.o
    0x0800d69c   0x00000014   Code   RO        10054    i.tcp_close         tcp.o
    0x0800d6b0   0x00000148   Code   RO        10055    i.tcp_close_shutdown  tcp.o
    0x0800d7f8   0x000000f4   Code   RO        10056    i.tcp_connect       tcp.o
    0x0800d8ec   0x000000a8   Code   RO        10335    i.tcp_create_segment  tcp_out.o
    0x0800d994   0x00000020   Code   RO        10058    i.tcp_eff_send_mss  tcp.o
    0x0800d9b4   0x000000d4   Code   RO        10336    i.tcp_enqueue_flags  tcp_out.o
    0x0800da88   0x00000006   Code   RO        10059    i.tcp_err           tcp.o
    0x0800da8e   0x00000002   PAD
    0x0800da90   0x00000060   Code   RO        10060    i.tcp_fasttmr       tcp.o
    0x0800daf0   0x00000054   Code   RO         8860    i.tcp_get_object_def  mib2.o
    0x0800db44   0x00000080   Code   RO         8861    i.tcp_get_value     mib2.o
    0x0800dbc4   0x00000002   Code   RO        10061    i.tcp_init          tcp.o
    0x0800dbc6   0x00000002   PAD
    0x0800dbc8   0x00000390   Code   RO        10274    i.tcp_input         tcp_in.o
    0x0800df58   0x0000005c   Code   RO        10337    i.tcp_keepalive     tcp_out.o
    0x0800dfb4   0x000000f4   Code   RO        10275    i.tcp_listen_input  tcp_in.o
    0x0800e0a8   0x00000088   Code   RO        10062    i.tcp_listen_with_backlog  tcp.o
    0x0800e130   0x00000006   Code   RO        10063    i.tcp_new           tcp.o
    0x0800e136   0x00000002   PAD
    0x0800e138   0x0000005c   Code   RO        10064    i.tcp_new_port      tcp.o
    0x0800e194   0x00000010   Code   RO        10065    i.tcp_next_iss      tcp.o
    0x0800e1a4   0x00000078   Code   RO        10276    i.tcp_oos_insert_segment  tcp_in.o
    0x0800e21c   0x0000018c   Code   RO        10338    i.tcp_output        tcp_out.o
    0x0800e3a8   0x0000006a   Code   RO        10339    i.tcp_output_alloc_header  tcp_out.o
    0x0800e412   0x00000002   PAD
    0x0800e414   0x000000d4   Code   RO        10340    i.tcp_output_segment  tcp_out.o
    0x0800e4e8   0x00000080   Code   RO        10277    i.tcp_parseopt      tcp_in.o
    0x0800e568   0x0000004e   Code   RO        10341    i.tcp_pbuf_prealloc  tcp_out.o
    0x0800e5b6   0x00000042   Code   RO        10066    i.tcp_pcb_purge     tcp.o
    0x0800e5f8   0x00000058   Code   RO        10067    i.tcp_pcb_remove    tcp.o
    0x0800e650   0x00000008   Code   RO        10068    i.tcp_poll          tcp.o
    0x0800e658   0x00000334   Code   RO        10278    i.tcp_process       tcp_in.o
    0x0800e98c   0x00000068   Code   RO        10069    i.tcp_process_refused_data  tcp.o
    0x0800e9f4   0x000006ec   Code   RO        10279    i.tcp_receive       tcp_in.o
    0x0800f0e0   0x00000006   Code   RO        10070    i.tcp_recv          tcp.o
    0x0800f0e6   0x00000024   Code   RO        10071    i.tcp_recv_null     tcp.o
    0x0800f10a   0x00000036   Code   RO        10072    i.tcp_recved        tcp.o
    0x0800f140   0x00000058   Code   RO        10342    i.tcp_rexmit        tcp_out.o
    0x0800f198   0x00000058   Code   RO        10343    i.tcp_rexmit_fast   tcp_out.o
    0x0800f1f0   0x0000002e   Code   RO        10344    i.tcp_rexmit_rto    tcp_out.o
    0x0800f21e   0x00000002   PAD
    0x0800f220   0x00000098   Code   RO        10345    i.tcp_rst           tcp_out.o
    0x0800f2b8   0x00000024   Code   RO        10073    i.tcp_seg_copy      tcp.o
    0x0800f2dc   0x0000001c   Code   RO        10074    i.tcp_seg_free      tcp.o
    0x0800f2f8   0x00000012   Code   RO        10075    i.tcp_segs_free     tcp.o
    0x0800f30a   0x0000005c   Code   RO        10346    i.tcp_send_empty_ack  tcp_out.o
    0x0800f366   0x00000044   Code   RO        10347    i.tcp_send_fin      tcp_out.o
    0x0800f3aa   0x00000004   Code   RO        10076    i.tcp_sent          tcp.o
    0x0800f3ae   0x0000004e   Code   RO        10078    i.tcp_shutdown      tcp.o
    0x0800f3fc   0x00000280   Code   RO        10079    i.tcp_slowtmr       tcp.o
    0x0800f67c   0x00000034   Code   RO         8088    i.tcp_timer_needed  lwip_timers.o
    0x0800f6b0   0x0000006c   Code   RO        10280    i.tcp_timewait_input  tcp_in.o
    0x0800f71c   0x00000020   Code   RO        10080    i.tcp_tmr           tcp.o
    0x0800f73c   0x00000034   Code   RO        10081    i.tcp_update_rcv_ann_wnd  tcp.o
    0x0800f770   0x000002f8   Code   RO        10348    i.tcp_write         tcp_out.o
    0x0800fa68   0x000000ac   Code   RO        10349    i.tcp_zero_window_probe  tcp_out.o
    0x0800fb14   0x00000028   Code   RO         1128    i.tcpecho_init      tcpecho.o
    0x0800fb3c   0x00000082   Code   RO         1129    i.tcpecho_thread    tcpecho.o
    0x0800fbbe   0x00000002   PAD
    0x0800fbc0   0x0000003c   Code   RO         7384    i.tcpip_apimsg      tcpip.o
    0x0800fbfc   0x0000005c   Code   RO         7385    i.tcpip_callback_with_block  tcpip.o
    0x0800fc58   0x00000044   Code   RO         7388    i.tcpip_init        tcpip.o
    0x0800fc9c   0x0000004c   Code   RO         7389    i.tcpip_input       tcpip.o
    0x0800fce8   0x00000038   Code   RO         8089    i.tcpip_tcp_timer   lwip_timers.o
    0x0800fd20   0x00000080   Code   RO         7390    i.tcpip_thread      tcpip.o
    0x0800fda0   0x00000006   Code   RO         6041    i.ucQueueGetQueueNumber  queue.o
    0x0800fda6   0x00000006   Code   RO         6042    i.ucQueueGetQueueType  queue.o
    0x0800fdac   0x000000a8   Code   RO        10435    i.udp_bind          udp.o
    0x0800fe54   0x0000004c   Code   RO        10436    i.udp_connect       udp.o
    0x0800fea0   0x00000010   Code   RO        10437    i.udp_disconnect    udp.o
    0x0800feb0   0x0000002e   Code   RO         8862    i.udp_get_object_def  mib2.o
    0x0800fede   0x00000002   PAD
    0x0800fee0   0x00000030   Code   RO         8863    i.udp_get_value     mib2.o
    0x0800ff10   0x00000002   Code   RO        10438    i.udp_init          udp.o
    0x0800ff12   0x00000002   PAD
    0x0800ff14   0x000001e8   Code   RO        10439    i.udp_input         udp.o
    0x080100fc   0x0000001a   Code   RO        10440    i.udp_new           udp.o
    0x08010116   0x00000006   Code   RO        10441    i.udp_recv          udp.o
    0x0801011c   0x00000038   Code   RO        10442    i.udp_remove        udp.o
    0x08010154   0x00000008   Code   RO        10443    i.udp_send          udp.o
    0x0801015c   0x00000034   Code   RO        10444    i.udp_sendto        udp.o
    0x08010190   0x000000e4   Code   RO        10445    i.udp_sendto_if     udp.o
    0x08010274   0x00000028   Code   RO         1166    i.udpecho_init      udpecho.o
    0x0801029c   0x00000068   Code   RO         1167    i.udpecho_thread    udpecho.o
    0x08010304   0x00000038   Code   RO         8864    i.udpentry_get_object_def  mib2.o
    0x0801033c   0x00000048   Code   RO         8865    i.udpentry_get_value  mib2.o
    0x08010384   0x000000c0   Code   RO         6452    i.uiIndexOfObject   trcbase.o
    0x08010444   0x00000084   Code   RO         6587    i.uiTraceGetObjectState  trckernel.o
    0x080104c8   0x00000088   Code   RO         6588    i.uiTraceGetPriorityProperty  trckernel.o
    0x08010550   0x000000dc   Code   RO         6707    i.uiTraceIsObjectExcluded  trckernelportfreertos.o
    0x0801062c   0x00000090   Code   RO         6790    i.uiTraceStart      trcuser.o
    0x080106bc   0x00000024   Code   RO         5864    i.uxListRemove      list.o
    0x080106e0   0x0000001a   Code   RO         6043    i.uxQueueMessagesWaiting  queue.o
    0x080106fa   0x00000008   Code   RO         6211    i.uxTaskGetTaskNumber  tasks.o
    0x08010702   0x00000016   Code   RO         5865    i.vListInitialise   list.o
    0x08010718   0x00000006   Code   RO         5866    i.vListInitialiseItem  list.o
    0x0801071e   0x00000030   Code   RO         5867    i.vListInsert       list.o
    0x0801074e   0x00000018   Code   RO         5868    i.vListInsertEnd    list.o
    0x08010766   0x00000002   PAD
    0x08010768   0x0000001c   Code   RO         5963    i.vPortEnterCritical  port.o
    0x08010784   0x00000014   Code   RO         5964    i.vPortExitCritical  port.o
    0x08010798   0x00000048   Code   RO         5911    i.vPortFree         heap_4.o
    0x080107e0   0x00000020   Code   RO         5965    i.vPortSetupTimerInterrupt  port.o
    0x08010800   0x00000040   Code   RO         5966    i.vPortValidateInterruptPriority  port.o
    0x08010840   0x00000018   Code   RO         5967    i.vPortYield        port.o
    0x08010858   0x0000009c   Code   RO         6047    i.vQueueDelete      queue.o
    0x080108f4   0x00000024   Code   RO         6049    i.vQueueUnregisterQueue  queue.o
    0x08010918   0x00000054   Code   RO         6213    i.vTaskDelay        tasks.o
    0x0801096c   0x0000000c   Code   RO         6217    i.vTaskMissedYield  tasks.o
    0x08010978   0x00000044   Code   RO         6218    i.vTaskPlaceOnEventList  tasks.o
    0x080109bc   0x00000088   Code   RO         6219    i.vTaskPriorityDisinherit  tasks.o
    0x08010a44   0x000000a8   Code   RO         6220    i.vTaskPriorityInherit  tasks.o
    0x08010aec   0x0000001c   Code   RO         6224    i.vTaskSetTimeOutState  tasks.o
    0x08010b08   0x0000004c   Code   RO         6225    i.vTaskStartScheduler  tasks.o
    0x08010b54   0x00000010   Code   RO         6227    i.vTaskSuspendAll   tasks.o
    0x08010b64   0x0000006c   Code   RO         6228    i.vTaskSwitchContext  tasks.o
    0x08010bd0   0x00000098   Code   RO         6453    i.vTraceError       trcbase.o
    0x08010c68   0x000000c4   Code   RO         6454    i.vTraceFreeObjectHandle  trcbase.o
    0x08010d2c   0x00000050   Code   RO         6708    i.vTraceInitObjectHandleStack  trckernelportfreertos.o
    0x08010d7c   0x00000074   Code   RO         6709    i.vTraceInitObjectPropertyTable  trckernelportfreertos.o
    0x08010df0   0x00000004   Code   RO         6794    i.vTraceInitTraceData  trcuser.o
    0x08010df4   0x00000054   Code   RO         6555    i.vTracePortGetTimeStamp  trchardwareport.o
    0x08010e48   0x000000ec   Code   RO         6455    i.vTraceSetObjectName  trcbase.o
    0x08010f34   0x00000084   Code   RO         6589    i.vTraceSetObjectState  trckernel.o
    0x08010fb8   0x00000088   Code   RO         6590    i.vTraceSetPriorityProperty  trckernel.o
    0x08011040   0x00000038   Code   RO         6592    i.vTraceSetTaskInstanceFinished  trckernel.o
    0x08011078   0x0000012c   Code   RO         6593    i.vTraceStoreKernelCall  trckernel.o
    0x080111a4   0x000000e0   Code   RO         6594    i.vTraceStoreKernelCallWithNumericParamOnly  trckernel.o
    0x08011284   0x00000144   Code   RO         6595    i.vTraceStoreKernelCallWithParam  trckernel.o
    0x080113c8   0x00000064   Code   RO         6598    i.vTraceStoreObjectNameOnCloseEvent  trckernel.o
    0x0801142c   0x0000007c   Code   RO         6599    i.vTraceStoreObjectPropertiesOnCloseEvent  trckernel.o
    0x080114a8   0x0000010c   Code   RO         6600    i.vTraceStoreTaskReady  trckernel.o
    0x080115b4   0x000000c8   Code   RO         6601    i.vTraceStoreTaskswitch  trckernel.o
    0x0801167c   0x00000088   Code   RO         5968    i.xPortStartScheduler  port.o
    0x08011704   0x00000024   Code   RO         5969    i.xPortSysTickHandler  port.o
    0x08011728   0x0000002a   Code   RO         6050    i.xQueueCreateCountingSemaphore  queue.o
    0x08011752   0x00000002   PAD
    0x08011754   0x000000b4   Code   RO         6051    i.xQueueCreateMutex  queue.o
    0x08011808   0x000000b0   Code   RO         6052    i.xQueueGenericCreate  queue.o
    0x080118b8   0x0000020c   Code   RO         6053    i.xQueueGenericReceive  queue.o
    0x08011ac4   0x0000006a   Code   RO         6054    i.xQueueGenericReset  queue.o
    0x08011b2e   0x00000002   PAD
    0x08011b30   0x000001b0   Code   RO         6055    i.xQueueGenericSend  queue.o
    0x08011ce0   0x000000fc   Code   RO         6056    i.xQueueGenericSendFromISR  queue.o
    0x08011ddc   0x000000e8   Code   RO         6061    i.xQueueReceiveFromISR  queue.o
    0x08011ec4   0x00000058   Code   RO         6229    i.xTaskCheckForTimeOut  tasks.o
    0x08011f1c   0x000001d4   Code   RO         6230    i.xTaskGenericCreate  tasks.o
    0x080120f0   0x0000000c   Code   RO         6231    i.xTaskGetCurrentTaskHandle  tasks.o
    0x080120fc   0x00000018   Code   RO         6233    i.xTaskGetTickCount  tasks.o
    0x08012114   0x000000f8   Code   RO         6235    i.xTaskIncrementTick  tasks.o
    0x0801220c   0x0000006c   Code   RO         6237    i.xTaskRemoveFromEventList  tasks.o
    0x08012278   0x000000b4   Code   RO         6238    i.xTaskResumeAll    tasks.o
    0x0801232c   0x000000c4   Code   RO         6456    i.xTraceGetObjectHandle  trcbase.o
    0x080123f0   0x00000054   Code   RO         6457    i.xTraceNextFreeEventBufferSlot  trcbase.o
    0x08012444   0x00000014   Data   RO           18    .constdata          ethernetif.o
    0x08012458   0x00000050   Data   RO          527    .constdata          main.o
    0x080124a8   0x00000010   Data   RO         2488    .constdata          stm32f4xx_hal_rcc.o
    0x080124b8   0x0000001c   Data   RO         4537    .constdata          stm324x9i_eval.o
    0x080124d4   0x000000dd   Data   RO         6460    .constdata          trcbase.o
    0x080125b1   0x00000003   PAD
    0x080125b4   0x0000045e   Data   RO         6602    .constdata          trckernel.o
    0x08012a12   0x00000002   PAD
    0x08012a14   0x000000ce   Data   RO         6710    .constdata          trckernelportfreertos.o
    0x08012ae2   0x00000002   PAD
    0x08012ae4   0x00000090   Data   RO         6812    .constdata          trcuser.o
    0x08012b74   0x00000004   Data   RO         7958    .constdata          ip_addr.o
    0x08012b78   0x00000004   Data   RO         7959    .constdata          ip_addr.o
    0x08012b7c   0x00000048   Data   RO         8235    .constdata          memp.o
    0x08012bc4   0x00000014   Data   RO         8866    .constdata          mib2.o
    0x08012bd8   0x00000070   Data   RO         8867    .constdata          mib2.o
    0x08012c48   0x00000070   Data   RO         8868    .constdata          mib2.o
    0x08012cb8   0x0000001c   Data   RO         8869    .constdata          mib2.o
    0x08012cd4   0x00000008   Data   RO         8870    .constdata          mib2.o
    0x08012cdc   0x00000008   Data   RO         8871    .constdata          mib2.o
    0x08012ce4   0x0000001c   Data   RO         8872    .constdata          mib2.o
    0x08012d00   0x00000014   Data   RO         8873    .constdata          mib2.o
    0x08012d14   0x00000014   Data   RO         8874    .constdata          mib2.o
    0x08012d28   0x00000014   Data   RO         8875    .constdata          mib2.o
    0x08012d3c   0x0000001c   Data   RO         8876    .constdata          mib2.o
    0x08012d58   0x00000014   Data   RO         8877    .constdata          mib2.o
    0x08012d6c   0x00000014   Data   RO         8878    .constdata          mib2.o
    0x08012d80   0x0000001c   Data   RO         8879    .constdata          mib2.o
    0x08012d9c   0x00000014   Data   RO         8880    .constdata          mib2.o
    0x08012db0   0x0000003c   Data   RO         8881    .constdata          mib2.o
    0x08012dec   0x0000003c   Data   RO         8882    .constdata          mib2.o
    0x08012e28   0x0000001c   Data   RO         8883    .constdata          mib2.o
    0x08012e44   0x00000014   Data   RO         8884    .constdata          mib2.o
    0x08012e58   0x00000068   Data   RO         8885    .constdata          mib2.o
    0x08012ec0   0x00000068   Data   RO         8886    .constdata          mib2.o
    0x08012f28   0x0000001c   Data   RO         8887    .constdata          mib2.o
    0x08012f44   0x00000010   Data   RO         8888    .constdata          mib2.o
    0x08012f54   0x00000010   Data   RO         8889    .constdata          mib2.o
    0x08012f64   0x0000001c   Data   RO         8890    .constdata          mib2.o
    0x08012f80   0x00000034   Data   RO         8891    .constdata          mib2.o
    0x08012fb4   0x00000034   Data   RO         8892    .constdata          mib2.o
    0x08012fe8   0x0000001c   Data   RO         8893    .constdata          mib2.o
    0x08013004   0x00000014   Data   RO         8894    .constdata          mib2.o
    0x08013018   0x00000014   Data   RO         8895    .constdata          mib2.o
    0x0801302c   0x0000001c   Data   RO         8896    .constdata          mib2.o
    0x08013048   0x00000014   Data   RO         8897    .constdata          mib2.o
    0x0801305c   0x0000005c   Data   RO         8898    .constdata          mib2.o
    0x080130b8   0x0000005c   Data   RO         8899    .constdata          mib2.o
    0x08013114   0x0000001c   Data   RO         8900    .constdata          mib2.o
    0x08013130   0x0000000c   Data   RO         8901    .constdata          mib2.o
    0x0801313c   0x0000000c   Data   RO         8902    .constdata          mib2.o
    0x08013148   0x0000001c   Data   RO         8903    .constdata          mib2.o
    0x08013164   0x00000004   Data   RO         8904    .constdata          mib2.o
    0x08013168   0x00000004   Data   RO         8905    .constdata          mib2.o
    0x0801316c   0x0000001c   Data   RO         8906    .constdata          mib2.o
    0x08013188   0x00000058   Data   RO         8907    .constdata          mib2.o
    0x080131e0   0x00000058   Data   RO         8908    .constdata          mib2.o
    0x08013238   0x0000001c   Data   RO         8909    .constdata          mib2.o
    0x08013254   0x00000014   Data   RO         8910    .constdata          mib2.o
    0x08013268   0x00000008   Data   RO         8911    .constdata          mib2.o
    0x08013270   0x00000008   Data   RO         8912    .constdata          mib2.o
    0x08013278   0x0000001c   Data   RO         8913    .constdata          mib2.o
    0x08013294   0x00000014   Data   RO         8914    .constdata          mib2.o
    0x080132a8   0x0000001c   Data   RO         8915    .constdata          mib2.o
    0x080132c4   0x0000001c   Data   RO         8916    .constdata          mib2.o
    0x080132e0   0x0000001c   Data   RO         8917    .constdata          mib2.o
    0x080132fc   0x00000020   Data   RO         8918    .constdata          mib2.o
    0x0801331c   0x00000020   Data   RO         8919    .constdata          mib2.o
    0x0801333c   0x0000001c   Data   RO         8920    .constdata          mib2.o
    0x08013358   0x00000004   Data   RO         8921    .constdata          mib2.o
    0x0801335c   0x00000004   Data   RO         8922    .constdata          mib2.o
    0x08013360   0x0000001c   Data   RO         8923    .constdata          mib2.o
    0x0801337c   0x00000004   Data   RO         8924    .constdata          mib2.o
    0x08013380   0x00000004   Data   RO         8925    .constdata          mib2.o
    0x08013384   0x0000001c   Data   RO         8926    .constdata          mib2.o
    0x080133a0   0x00000001   Data   RO         8927    .constdata          mib2.o
    0x080133a1   0x00000005   Data   RO         8928    .constdata          mib2.o
    0x080133a6   0x00000001   Data   RO         8929    .constdata          mib2.o
    0x080133a7   0x00000001   PAD
    0x080133a8   0x00000114   Data   RO         8930    .constdata          mib2.o
    0x080134bc   0x00000001   Data   RO         8931    .constdata          mib2.o
    0x080134bd   0x00000001   Data   RO         8932    .constdata          mib2.o
    0x080134be   0x00000002   PAD
    0x080134c0   0x00000010   Data   RO         9704    .constdata          mib_structs.o
    0x080134d0   0x00000004   Data   RO         9820    .constdata          msg_in.o
    0x080134d4   0x00000007   Data   RO         9821    .constdata          msg_in.o
    0x080134db   0x00000001   PAD
    0x080134dc   0x00000054   Data   RO        10082    .constdata          tcp.o
    0x08013530   0x0000000c   Data   RO        10547    .constdata          etharp.o
    0x0801353c   0x0000001c   Data   RO        11189    .constdata          usbh_core.o
    0x08013558   0x00000006   Data   RO           19    .conststring        ethernetif.o
    0x0801355e   0x00000026   Data   RO          529    .conststring        main.o
    0x08013584   0x00000068   Data   RO        10083    .conststring        tcp.o
    0x080135ec   0x00000004   Data   RO        11002    .conststring        usbh_msc.o
    0x080135f0   0x0000000c   Data   RO        11190    .conststring        usbh_core.o
    0x080135fc   0x00000020   Data   RO        11952    Region$$Table       anon$$obj.o


    Execution Region RW_IRAM1 (Base: 0x20000000, Size: 0x0000e000, Max: 0x00040000, ABSOLUTE, COMPRESSED[0x00000130])

    Base Addr    Size         Type   Attr      Idx    E Section Name        Object

    0x20000000   0x00000004   Data   RW           20    .data               ethernetif.o
    0x20000004   0x0000000c   Data   RW          421    .data               lwip.o
    0x20000010   0x00000024   Data   RW          530    .data               main.o
    0x20000034   0x00000008   Data   RW          726    .data               stm32f4xx_hal_msp.o
    0x2000003c   0x00000001   Data   RW          841    .data               usb_host.o
    0x2000003d   0x00000003   PAD
    0x20000040   0x00000004   Data   RW         1034    .data               hwsetup.o
    0x20000044   0x00000010   Data   RW         1168    .data               udpecho.o
    0x20000054   0x00000014   Data   RW         1224    .data               system_stm32f4xx.o
    0x20000068   0x00000004   Data   RW         1272    .data               stm32f4xx_hal.o
    0x2000006c   0x0000002c   Data   RW         4538    .data               stm324x9i_eval.o
    0x20000098   0x00000014   Data   RW         4979    .data               usbh_diskio.o
    0x200000ac   0x00000014   Data   RW         5915    .data               heap_4.o
    0x200000c0   0x0000000c   Data   RW         5970    .data               port.o
    0x200000cc   0x00000038   Data   RW         6241    .data               tasks.o
    0x20000104   0x00000024   Data   RW         6461    .data               trcbase.o
    0x20000128   0x00000018   Data   RW         6556    .data               trchardwareport.o
    0x20000140   0x0000000c   Data   RW         6603    .data               trckernel.o
    0x2000014c   0x00000005   Data   RW         6711    .data               trckernelportfreertos.o
    0x20000151   0x00000003   PAD
    0x20000154   0x0000000c   Data   RW         7394    .data               tcpip.o
    0x20000160   0x00000004   Data   RW         7554    .data               dhcp.o
    0x20000164   0x00000014   Data   RW         7905    .data               ip.o
    0x20000178   0x00000008   Data   RW         8022    .data               ip_frag.o
    0x20000180   0x00000008   Data   RW         8090    .data               lwip_timers.o
    0x20000188   0x00000010   Data   RW         8185    .data               mem.o
    0x20000198   0x0000000c   Data   RW         8292    .data               netif.o
    0x200001a4   0x00000001   Data   RW         8402    .data               pbuf.o
    0x200001a5   0x00000003   PAD
    0x200001a8   0x00000004   Data   RW         8533    .data               raw.o
    0x200001ac   0x000003e4   Data   RW         8933    .data               mib2.o
    0x20000590   0x00000004   Data   RW         8934    .data               mib2.o
    0x20000594   0x00000004   Data   RW         8935    .data               mib2.o
    0x20000598   0x00000020   Data   RW         8936    .data               mib2.o
    0x200005b8   0x00000004   Data   RW         8937    .data               mib2.o
    0x200005bc   0x00000004   Data   RW         8938    .data               mib2.o
    0x200005c0   0x0000001c   Data   RW         8939    .data               mib2.o
    0x200005dc   0x00000004   Data   RW         8940    .data               mib2.o
    0x200005e0   0x00000004   Data   RW         8941    .data               mib2.o
    0x200005e4   0x00000004   Data   RW         8942    .data               mib2.o
    0x200005e8   0x00000004   Data   RW         8943    .data               mib2.o
    0x200005ec   0x00000004   Data   RW         8944    .data               mib2.o
    0x200005f0   0x00000004   Data   RW         8945    .data               mib2.o
    0x200005f4   0x00000004   Data   RW         8946    .data               mib2.o
    0x200005f8   0x00000004   Data   RW         8947    .data               mib2.o
    0x200005fc   0x00000004   Data   RW         8948    .data               mib2.o
    0x20000600   0x00000004   Data   RW         8949    .data               mib2.o
    0x20000604   0x00000001   Data   RW         9705    .data               mib_structs.o
    0x20000605   0x00000003   PAD
    0x20000608   0x00000004   Data   RW         9822    .data               msg_in.o
    0x2000060c   0x00000008   Data   RW         9926    .data               msg_out.o
    0x20000614   0x00000024   Data   RW        10084    .data               tcp.o
    0x20000638   0x0000001c   Data   RW        10282    .data               tcp_in.o
    0x20000654   0x00000008   Data   RW        10446    .data               udp.o
    0x2000065c   0x00000001   Data   RW        10548    .data               etharp.o
    0x2000065d   0x00000001   PAD
    0x2000065e   0x00000002   Data   RW        10853    .data               sys_arch.o
    0x20000660   0x00000020   Data   RW        11003    .data               usbh_msc.o
    0x20000680   0x00000004   Data   RW        11931    .data               mc_w.l(mvars.o)
    0x20000684   0x00000004   Data   RW        11932    .data               mc_w.l(mvars.o)
    0x20000688   0x000030e8   Zero   RW           17    .bss                ethernetif.o
    0x20003770   0x00000060   Zero   RW          419    .bss                lwip.o
    0x200037d0   0x000000b0   Zero   RW          524    .bss                main.o
    0x20003880   0x00000050   Zero   RW          525    .bss                main.o
    0x200038d0   0x00000050   Zero   RW          526    .bss                main.o
    0x20003920   0x000002d0   Zero   RW          840    .bss                usb_host.o
    0x20003bf0   0x00000290   Zero   RW          909    .bss                usbh_conf.o
    0x20003e80   0x0000000c   Zero   RW         5385    .bss                ff_gen_drv.o
    0x20003e8c   0x00003c00   Zero   RW         5914    .bss                heap_4.o
    0x20007a8c   0x00000040   Zero   RW         6063    .bss                queue.o
    0x20007acc   0x000000f0   Zero   RW         6240    .bss                tasks.o
    0x20007bbc   0x00000021   Zero   RW         6458    .bss                trcbase.o
    0x20007bdd   0x00000003   PAD
    0x20007be0   0x00001850   Zero   RW         6459    .bss                trcbase.o
    0x20009430   0x00000654   Zero   RW         8184    .bss                mem.o
    0x20009a84   0x00003a33   Zero   RW         8234    .bss                memp.o
    0x2000d4b7   0x00000001   PAD
    0x2000d4b8   0x00000180   Zero   RW         9703    .bss                mib_structs.o
    0x2000d638   0x00000130   Zero   RW         9819    .bss                msg_in.o
    0x2000d768   0x00000044   Zero   RW         9925    .bss                msg_out.o
    0x2000d7ac   0x00000178   Zero   RW        10002    .bss                stats.o
    0x2000d924   0x00000010   Zero   RW        10281    .bss                tcp_in.o
    0x2000d934   0x000000c8   Zero   RW        10546    .bss                etharp.o
    0x2000d9fc   0x00000004   PAD
    0x2000da00   0x00000200   Zero   RW        11485    HEAP                startup_stm32f407xx.o
    0x2000dc00   0x00000400   Zero   RW        11484    STACK               startup_stm32f407xx.o


==============================================================================

Image component sizes


      Code (inc. data)   RO Data    RW Data    ZI Data      Debug   Object Name

       938         40          0          0          0      20091   api_lib.o
      2890         54          0          0          0      17666   api_msg.o
       102         10          0          0          0       1105   app_ethernet.o
      1036          0          0          0          0       5942   asn1_dec.o
       832          0          0          0          0       8063   asn1_enc.o
       508         16          0          0          0      12836   cmsis_os.o
        16          0          0          0          0       2512   def.o
      2250         50          0          4          0      16042   dhcp.o
         0          0          0          0          0       9235   diskio.o
      1868         82         12          1        200      13759   etharp.o
      1180         88         26          4      12520     442853   ethernetif.o
        56          4          0          0         12        890   ff_gen_drv.o
       364         20          0         20      15360       4139   heap_4.o
         2          0          0          4          0        660   hwsetup.o
       512         18          0          0          0       4838   icmp.o
       308          0          0          0          0       3466   inet_chksum.o
        42          0          0          0          0      14720   init.o
       936         40          0         20          0       7241   ip.o
        46          0          8          0          0       7822   ip_addr.o
      1390         44          0          8          0       9176   ip_frag.o
       136          0          0          0          0       3362   list.o
       100         18          0         12         96      14046   lwip.o
       552         86          0          8          0       7015   lwip_timers.o
       758        106        118         36        336      22461   main.o
       780         44          0         16       1620       5021   mem.o
       244         32         72          0      14899       3374   memp.o
      5046        846       2297       1112          0      74723   mib2.o
      1894         52         16          1        384      13805   mib_structs.o
      3752         60         11          4        304      17248   msg_in.o
      2114         44          0          8         68      10969   msg_out.o
       102          0          0          0          0       2344   netbuf.o
       524         20          0         12          0      10495   netif.o
      1064         20          0          1          0      10361   pbuf.o
       578         74          0         12          0       9166   port.o
      2418         40          0          0         64      15931   queue.o
       380         22          0          4          0       5707   raw.o
        36          8        392          0       1536        916   startup_stm32f407xx.o
         2          0          0          0        376       3858   stats.o
       156         40         28         44          0       4435   stm324x9i_eval.o
       138         16          0          4          0       4544   stm32f4xx_hal.o
       220         24          0          0          0      30478   stm32f4xx_hal_cortex.o
        34          0          0          0          0       1019   stm32f4xx_hal_crc.o
       112          4          0          0          0       1203   stm32f4xx_hal_dma.o
      2356         72          0          0          0      12912   stm32f4xx_hal_eth.o
       498         58          0          0          0       4228   stm32f4xx_hal_gpio.o
      2270          6          0          0          0      11981   stm32f4xx_hal_hcd.o
       304         50          0          8          0       2520   stm32f4xx_hal_msp.o
        92          0          0          0          0       1128   stm32f4xx_hal_nand.o
      1532         68         16          0          0       5959   stm32f4xx_hal_rcc.o
       382          6          0          0          0       5097   stm32f4xx_hal_tim.o
         4          0          0          0          0       1606   stm32f4xx_hal_tim_ex.o
       468         10          0          0          0       1924   stm32f4xx_hal_uart.o
       118         24          0          0          0       2971   stm32f4xx_it.o
       120          0          0          0          0       2524   stm32f4xx_ll_fsmc.o
      2058         48          0          0          0      15995   stm32f4xx_ll_usb.o
       676         38          0          2          0      12517   sys_arch.o
         0          0          0          0          0       1328   syscall.o
        84         18          0         20          0       1329   system_stm32f4xx.o
      1992        148          0         56        240      17887   tasks.o
      2800        108        188         36          0      32310   tcp.o
      4104        140          0         28         16      17407   tcp_in.o
      2730         38          0          0          0      12975   tcp_out.o
       170         20          0          0          0      10455   tcpecho.o
       424         54          0         12          0       9762   tcpip.o
      2876       1270        221         36       6257      17196   trcbase.o
       244        100          0         24          0       2322   trchardwareport.o
      2260        872       1118         12          0      11861   trckernel.o
       840        502        206          5          0       6385   trckernelportfreertos.o
       148         30        144          0          0       1441   trcuser.o
      1126         40          0          8          0      17909   udp.o
       144         30          0         16          0       1671   udpecho.o
        76         18          0          1        720      14247   usb_host.o
       510         36          0          0        656      10796   usbh_conf.o
      1190         26         40          0          0      10234   usbh_core.o
      1094         12          0          0          0       8772   usbh_ctlreq.o
       376         20          0         20          0       4389   usbh_diskio.o
       168          0          0          0          0       3852   usbh_ioreq.o
      1708         10          4         32          0       9733   usbh_msc.o
       618         26          0          0          0       4317   usbh_msc_bot.o
       724          0          0          0          0       5331   usbh_msc_scsi.o
       104          0          0          0          0       3102   usbh_pipes.o

    ----------------------------------------------------------------------
     73910       5920       4960       1664      55672    1193910   Object Totals
         0          0         32          0          0          0   (incl. Generated)
       106          0         11         13          8          0   (incl. Padding)

    ----------------------------------------------------------------------

      Code (inc. data)   RO Data    RW Data    ZI Data      Debug   Library Member Name

        92          0          0          0          0          0   __dczerorl2.o
         0          0          0          0          0          0   entry.o
         0          0          0          0          0          0   entry10a.o
         0          0          0          0          0          0   entry11a.o
         8          4          0          0          0          0   entry2.o
         4          0          0          0          0          0   entry5.o
         0          0          0          0          0          0   entry7b.o
         0          0          0          0          0          0   entry8b.o
         8          4          0          0          0          0   entry9a.o
        30          0          0          0          0          0   handlers.o
        36          8          0          0          0         68   init.o
       188         20          0          0          0        160   malloc.o
        26          0          0          0          0         80   memcmp.o
        36          0          0          0          0         68   memcpya.o
        36          0          0          0          0        108   memseta.o
         0          0          0          8          0          0   mvars.o
        30          0          0          0          0         80   strncmp.o
        24          0          0          0          0         76   strncpy.o

    ----------------------------------------------------------------------
       518         36          0          8          0        640   Library Totals
         0          0          0          0          0          0   (incl. Padding)

    ----------------------------------------------------------------------

      Code (inc. data)   RO Data    RW Data    ZI Data      Debug   Library Name

       518         36          0          8          0        640   mc_w.l

    ----------------------------------------------------------------------
       518         36          0          8          0        640   Library Totals

    ----------------------------------------------------------------------

==============================================================================


      Code (inc. data)   RO Data    RW Data    ZI Data      Debug   

     74428       5956       4960       1672      55672    1123038   Grand Totals
     74428       5956       4960        304      55672    1123038   ELF Image Totals (compressed)
     74428       5956       4960        304          0          0   ROM Totals

==============================================================================

    Total RO  Size (Code + RO Data)                79388 (  77.53kB)
    Total RW  Size (RW Data + ZI Data)             57344 (  56.00kB)
    Total ROM Size (Code + RO Data + RW Data)      79692 (  77.82kB)

==============================================================================

